{
  "Entries": [
    {
      "RequestUri": "https://fakekvurl.vault.azure.net/keys/key108732465/create?api-version=7.3-preview",
      "RequestMethod": "POST",
      "RequestHeaders": {
        ":method": "POST",
        "Accept": "application/json",
        "Accept-Encoding": "gzip",
        "Content-Length": "0",
        "User-Agent": "azsdk-go-generated/v0.3.0 azsdk-go-azcore/v0.21.0 (go1.17; Windows_NT)"
      },
      "RequestBody": null,
      "StatusCode": 401,
      "ResponseHeaders": {
        "Cache-Control": "no-cache",
        "Content-Length": "97",
        "Content-Type": "application/json; charset=utf-8",
        "Date": "Thu, 03 Feb 2022 20:36:08 GMT",
        "Expires": "-1",
        "Pragma": "no-cache",
        "Strict-Transport-Security": "max-age=31536000;includeSubDomains",
        "WWW-Authenticate": "Bearer authorization=\u0022https://login.windows.net/00000000-0000-0000-0000-000000000000\u0022, resource=\u0022https://vault.azure.net\u0022",
        "X-Content-Type-Options": "nosniff",
        "x-ms-keyvault-network-info": "conn_type=Ipv4;addr=72.49.29.93;act_addr_fam=InterNetwork;",
        "x-ms-keyvault-region": "westus2",
        "x-ms-keyvault-service-version": "1.9.276.1",
        "x-ms-request-id": "ca51a2fa-0b9f-4e30-9913-f270ea48d707",
        "X-Powered-By": "ASP.NET"
      },
      "ResponseBody": {
        "error": {
          "code": "Unauthorized",
          "message": "AKV10000: Request is missing a Bearer or PoP token."
        }
      }
    },
    {
      "RequestUri": "https://fakekvurl.vault.azure.net/keys/key108732465/create?api-version=7.3-preview",
      "RequestMethod": "POST",
      "RequestHeaders": {
        ":method": "POST",
        "Accept": "application/json",
        "Accept-Encoding": "gzip",
        "Authorization": "Sanitized",
        "Content-Length": "13",
        "Content-Type": "application/json",
        "User-Agent": "azsdk-go-generated/v0.3.0 azsdk-go-azcore/v0.21.0 (go1.17; Windows_NT)"
      },
      "RequestBody": {
        "kty": "RSA"
      },
      "StatusCode": 200,
      "ResponseHeaders": {
        "Cache-Control": "no-cache",
        "Content-Length": "686",
        "Content-Type": "application/json; charset=utf-8",
        "Date": "Thu, 03 Feb 2022 20:36:08 GMT",
        "Expires": "-1",
        "Pragma": "no-cache",
        "Strict-Transport-Security": "max-age=31536000;includeSubDomains",
        "X-Content-Type-Options": "nosniff",
        "x-ms-keyvault-network-info": "conn_type=Ipv4;addr=72.49.29.93;act_addr_fam=InterNetwork;",
        "x-ms-keyvault-region": "westus2",
        "x-ms-keyvault-service-version": "1.9.276.1",
        "x-ms-request-id": "a4b81e71-7d5a-4b8d-a901-4d5850f9f827",
        "X-Powered-By": "ASP.NET"
      },
      "ResponseBody": {
        "key": {
          "kid": "https://fakekvurl.vault.azure.net/keys/key108732465/eea25b49d02e4bc8a23eb22e47426290",
          "kty": "RSA",
          "key_ops": [
            "encrypt",
            "decrypt",
            "sign",
            "verify",
            "wrapKey",
            "unwrapKey"
          ],
          "n": "qJT_50RWddVj-zyJB8_8v_DnE9cu0y6qKsCwp8o8MXvQnGvZBvWsU-crJcaZSuuFQxMClJpjFPZtR9pnDq28ZmClfXQPpjpja8-tAg25wtU8MPs_ZCmvvbsRBehfPEW8tTEx5okjsA282ZLIDopIaMQ_PoJexUub_n3nLb_gsTnG52Li4ForgTTca6u6i7X1dC2Bub-OybCZP1UjUHN7RPlpyxqF1e4HnDBj5xQL0nFj7pwyNF_Q2M2iBu6JkAjyhlJx1bzreOhuy_KU-KtWYWCcl5Nlel3WqNw1Ls-UFAJU9z8ODuK8V4CIcRtjabmLx1QbaO-qW_m8Srb94I0qeQ",
          "e": "AQAB"
        },
        "attributes": {
          "enabled": true,
          "created": 1643920569,
          "updated": 1643920569,
          "recoveryLevel": "CustomizedRecoverable\u002BPurgeable",
          "recoverableDays": 7
        }
      }
    },
    {
      "RequestUri": "https://fakekvurl.vault.azure.net/keys/key108732465?api-version=7.3-preview",
      "RequestMethod": "DELETE",
      "RequestHeaders": {
        "Accept": "application/json",
        "Accept-Encoding": "gzip",
        "Authorization": "Sanitized",
        "User-Agent": "azsdk-go-generated/v0.3.0 azsdk-go-azcore/v0.21.0 (go1.17; Windows_NT)"
      },
      "RequestBody": null,
      "StatusCode": 200,
      "ResponseHeaders": {
        "Cache-Control": "no-cache",
        "Content-Length": "817",
        "Content-Type": "application/json; charset=utf-8",
        "Date": "Thu, 03 Feb 2022 20:36:08 GMT",
        "Expires": "-1",
        "Pragma": "no-cache",
        "Strict-Transport-Security": "max-age=31536000;includeSubDomains",
        "X-Content-Type-Options": "nosniff",
        "x-ms-keyvault-network-info": "conn_type=Ipv4;addr=72.49.29.93;act_addr_fam=InterNetwork;",
        "x-ms-keyvault-region": "westus2",
        "x-ms-keyvault-service-version": "1.9.276.1",
        "x-ms-request-id": "a60ad199-7a45-4c61-b7b6-bb3b96a86611",
        "X-Powered-By": "ASP.NET"
      },
      "ResponseBody": {
        "recoveryId": "https://fakekvurl.vault.azure.net/deletedkeys/key108732465",
        "deletedDate": 1643920569,
        "scheduledPurgeDate": 1644525369,
        "key": {
          "kid": "https://fakekvurl.vault.azure.net/keys/key108732465/eea25b49d02e4bc8a23eb22e47426290",
          "kty": "RSA",
          "key_ops": [
            "encrypt",
            "decrypt",
            "sign",
            "verify",
            "wrapKey",
            "unwrapKey"
          ],
          "n": "qJT_50RWddVj-zyJB8_8v_DnE9cu0y6qKsCwp8o8MXvQnGvZBvWsU-crJcaZSuuFQxMClJpjFPZtR9pnDq28ZmClfXQPpjpja8-tAg25wtU8MPs_ZCmvvbsRBehfPEW8tTEx5okjsA282ZLIDopIaMQ_PoJexUub_n3nLb_gsTnG52Li4ForgTTca6u6i7X1dC2Bub-OybCZP1UjUHN7RPlpyxqF1e4HnDBj5xQL0nFj7pwyNF_Q2M2iBu6JkAjyhlJx1bzreOhuy_KU-KtWYWCcl5Nlel3WqNw1Ls-UFAJU9z8ODuK8V4CIcRtjabmLx1QbaO-qW_m8Srb94I0qeQ",
          "e": "AQAB"
        },
        "attributes": {
          "enabled": true,
          "created": 1643920569,
          "updated": 1643920569,
          "recoveryLevel": "CustomizedRecoverable\u002BPurgeable",
          "recoverableDays": 7
        }
      }
    },
    {
      "RequestUri": "https://fakekvurl.vault.azure.net/deletedkeys/key108732465?api-version=7.3-preview",
      "RequestMethod": "GET",
      "RequestHeaders": {
        ":method": "GET",
        "Accept": "application/json",
        "Accept-Encoding": "gzip",
        "Authorization": "Sanitized",
        "User-Agent": "azsdk-go-generated/v0.3.0 azsdk-go-azcore/v0.21.0 (go1.17; Windows_NT)"
      },
      "RequestBody": null,
      "StatusCode": 404,
      "ResponseHeaders": {
        "Cache-Control": "no-cache",
        "Content-Length": "80",
        "Content-Type": "application/json; charset=utf-8",
        "Date": "Thu, 03 Feb 2022 20:36:09 GMT",
        "Expires": "-1",
        "Pragma": "no-cache",
        "Strict-Transport-Security": "max-age=31536000;includeSubDomains",
        "X-Content-Type-Options": "nosniff",
        "x-ms-keyvault-network-info": "conn_type=Ipv4;addr=72.49.29.93;act_addr_fam=InterNetwork;",
        "x-ms-keyvault-region": "westus2",
        "x-ms-keyvault-service-version": "1.9.276.1",
        "x-ms-request-id": "d26fdc43-dd4a-442f-88c6-513768f459c1",
        "X-Powered-By": "ASP.NET"
      },
      "ResponseBody": {
        "error": {
          "code": "KeyNotFound",
          "message": "Deleted Key not found: key108732465"
        }
      }
    },
    {
      "RequestUri": "https://fakekvurl.vault.azure.net/deletedkeys/key108732465?api-version=7.3-preview",
      "RequestMethod": "GET",
      "RequestHeaders": {
        ":method": "GET",
        "Accept": "application/json",
        "Accept-Encoding": "gzip",
        "Authorization": "Sanitized",
        "User-Agent": "azsdk-go-generated/v0.3.0 azsdk-go-azcore/v0.21.0 (go1.17; Windows_NT)"
      },
      "RequestBody": null,
      "StatusCode": 404,
      "ResponseHeaders": {
        "Cache-Control": "no-cache",
        "Content-Length": "80",
        "Content-Type": "application/json; charset=utf-8",
        "Date": "Thu, 03 Feb 2022 20:36:09 GMT",
        "Expires": "-1",
        "Pragma": "no-cache",
        "Strict-Transport-Security": "max-age=31536000;includeSubDomains",
        "X-Content-Type-Options": "nosniff",
        "x-ms-keyvault-network-info": "conn_type=Ipv4;addr=72.49.29.93;act_addr_fam=InterNetwork;",
        "x-ms-keyvault-region": "westus2",
        "x-ms-keyvault-service-version": "1.9.276.1",
        "x-ms-request-id": "7c8fe8d4-0a6c-4313-9c64-28b9358c6cd7",
        "X-Powered-By": "ASP.NET"
      },
      "ResponseBody": {
        "error": {
          "code": "KeyNotFound",
          "message": "Deleted Key not found: key108732465"
        }
      }
    },
    {
      "RequestUri": "https://fakekvurl.vault.azure.net/deletedkeys/key108732465?api-version=7.3-preview",
      "RequestMethod": "GET",
      "RequestHeaders": {
        ":method": "GET",
        "Accept": "application/json",
        "Accept-Encoding": "gzip",
        "Authorization": "Sanitized",
        "User-Agent": "azsdk-go-generated/v0.3.0 azsdk-go-azcore/v0.21.0 (go1.17; Windows_NT)"
      },
      "RequestBody": null,
      "StatusCode": 200,
      "ResponseHeaders": {
        "Cache-Control": "no-cache",
        "Content-Length": "817",
        "Content-Type": "application/json; charset=utf-8",
        "Date": "Thu, 03 Feb 2022 20:36:09 GMT",
        "Expires": "-1",
        "Pragma": "no-cache",
        "Strict-Transport-Security": "max-age=31536000;includeSubDomains",
        "X-Content-Type-Options": "nosniff",
        "x-ms-keyvault-network-info": "conn_type=Ipv4;addr=72.49.29.93;act_addr_fam=InterNetwork;",
        "x-ms-keyvault-region": "westus2",
        "x-ms-keyvault-service-version": "1.9.276.1",
        "x-ms-request-id": "b12fff22-5088-484e-b55d-864c0ae39fd3",
        "X-Powered-By": "ASP.NET"
      },
      "ResponseBody": {
        "recoveryId": "https://fakekvurl.vault.azure.net/deletedkeys/key108732465",
        "deletedDate": 1643920569,
        "scheduledPurgeDate": 1644525369,
        "key": {
          "kid": "https://fakekvurl.vault.azure.net/keys/key108732465/eea25b49d02e4bc8a23eb22e47426290",
          "kty": "RSA",
          "key_ops": [
            "encrypt",
            "decrypt",
            "sign",
            "verify",
            "wrapKey",
            "unwrapKey"
          ],
          "n": "qJT_50RWddVj-zyJB8_8v_DnE9cu0y6qKsCwp8o8MXvQnGvZBvWsU-crJcaZSuuFQxMClJpjFPZtR9pnDq28ZmClfXQPpjpja8-tAg25wtU8MPs_ZCmvvbsRBehfPEW8tTEx5okjsA282ZLIDopIaMQ_PoJexUub_n3nLb_gsTnG52Li4ForgTTca6u6i7X1dC2Bub-OybCZP1UjUHN7RPlpyxqF1e4HnDBj5xQL0nFj7pwyNF_Q2M2iBu6JkAjyhlJx1bzreOhuy_KU-KtWYWCcl5Nlel3WqNw1Ls-UFAJU9z8ODuK8V4CIcRtjabmLx1QbaO-qW_m8Srb94I0qeQ",
          "e": "AQAB"
        },
        "attributes": {
          "enabled": true,
          "created": 1643920569,
          "updated": 1643920569,
          "recoveryLevel": "CustomizedRecoverable\u002BPurgeable",
          "recoverableDays": 7
        }
      }
    },
    {
      "RequestUri": "https://fakekvurl.vault.azure.net/deletedkeys/key108732465/recover?api-version=7.3-preview",
      "RequestMethod": "POST",
      "RequestHeaders": {
        ":method": "POST",
        "Accept": "application/json",
        "Accept-Encoding": "gzip",
        "Authorization": "Sanitized",
        "Content-Length": "0",
        "User-Agent": "azsdk-go-generated/v0.3.0 azsdk-go-azcore/v0.21.0 (go1.17; Windows_NT)"
      },
      "RequestBody": null,
      "StatusCode": 200,
      "ResponseHeaders": {
        "Cache-Control": "no-cache",
        "Content-Length": "686",
        "Content-Type": "application/json; charset=utf-8",
        "Date": "Thu, 03 Feb 2022 20:36:09 GMT",
        "Expires": "-1",
        "Pragma": "no-cache",
        "Strict-Transport-Security": "max-age=31536000;includeSubDomains",
        "X-Content-Type-Options": "nosniff",
        "x-ms-keyvault-network-info": "conn_type=Ipv4;addr=72.49.29.93;act_addr_fam=InterNetwork;",
        "x-ms-keyvault-region": "westus2",
        "x-ms-keyvault-service-version": "1.9.276.1",
        "x-ms-request-id": "f2ac5454-509a-4813-9e9f-be2a7782c5f3",
        "X-Powered-By": "ASP.NET"
      },
      "ResponseBody": {
        "key": {
          "kid": "https://fakekvurl.vault.azure.net/keys/key108732465/eea25b49d02e4bc8a23eb22e47426290",
          "kty": "RSA",
          "key_ops": [
            "encrypt",
            "decrypt",
            "sign",
            "verify",
            "wrapKey",
            "unwrapKey"
          ],
          "n": "qJT_50RWddVj-zyJB8_8v_DnE9cu0y6qKsCwp8o8MXvQnGvZBvWsU-crJcaZSuuFQxMClJpjFPZtR9pnDq28ZmClfXQPpjpja8-tAg25wtU8MPs_ZCmvvbsRBehfPEW8tTEx5okjsA282ZLIDopIaMQ_PoJexUub_n3nLb_gsTnG52Li4ForgTTca6u6i7X1dC2Bub-OybCZP1UjUHN7RPlpyxqF1e4HnDBj5xQL0nFj7pwyNF_Q2M2iBu6JkAjyhlJx1bzreOhuy_KU-KtWYWCcl5Nlel3WqNw1Ls-UFAJU9z8ODuK8V4CIcRtjabmLx1QbaO-qW_m8Srb94I0qeQ",
          "e": "AQAB"
        },
        "attributes": {
          "enabled": true,
          "created": 1643920569,
          "updated": 1643920569,
          "recoveryLevel": "CustomizedRecoverable\u002BPurgeable",
          "recoverableDays": 7
        }
      }
    },
    {
      "RequestUri": "https://fakekvurl.vault.azure.net/keys/key108732465/?api-version=7.3-preview",
      "RequestMethod": "GET",
      "RequestHeaders": {
        ":method": "GET",
        "Accept": "application/json",
        "Accept-Encoding": "gzip",
        "Authorization": "Sanitized",
        "User-Agent": "azsdk-go-generated/v0.3.0 azsdk-go-azcore/v0.21.0 (go1.17; Windows_NT)"
      },
      "RequestBody": null,
      "StatusCode": 404,
      "ResponseHeaders": {
        "Cache-Control": "no-cache",
        "Content-Length": "300",
        "Content-Type": "application/json; charset=utf-8",
        "Date": "Thu, 03 Feb 2022 20:36:09 GMT",
        "Expires": "-1",
        "Pragma": "no-cache",
        "Strict-Transport-Security": "max-age=31536000;includeSubDomains",
        "X-Content-Type-Options": "nosniff",
        "x-ms-keyvault-network-info": "conn_type=Ipv4;addr=72.49.29.93;act_addr_fam=InterNetwork;",
        "x-ms-keyvault-region": "westus2",
        "x-ms-keyvault-service-version": "1.9.276.1",
        "x-ms-request-id": "8574cc88-74fb-42e7-9510-751b40241125",
        "X-Powered-By": "ASP.NET"
      },
      "ResponseBody": {
        "error": {
          "code": "KeyNotFound",
          "message": "A key with (name/id) key108732465 was not found in this key vault. If you recently deleted this key you may be able to recover it using the correct recovery command. For help resolving this issue, please see https://go.microsoft.com/fwlink/?linkid=2125182"
        }
      }
    },
    {
      "RequestUri": "https://fakekvurl.vault.azure.net/keys/key108732465/?api-version=7.3-preview",
      "RequestMethod": "GET",
      "RequestHeaders": {
        ":method": "GET",
        "Accept": "application/json",
        "Accept-Encoding": "gzip",
        "Authorization": "Sanitized",
        "User-Agent": "azsdk-go-generated/v0.3.0 azsdk-go-azcore/v0.21.0 (go1.17; Windows_NT)"
      },
      "RequestBody": null,
      "StatusCode": 404,
      "ResponseHeaders": {
        "Cache-Control": "no-cache",
        "Content-Length": "300",
        "Content-Type": "application/json; charset=utf-8",
        "Date": "Thu, 03 Feb 2022 20:36:09 GMT",
        "Expires": "-1",
        "Pragma": "no-cache",
        "Strict-Transport-Security": "max-age=31536000;includeSubDomains",
        "X-Content-Type-Options": "nosniff",
        "x-ms-keyvault-network-info": "conn_type=Ipv4;addr=72.49.29.93;act_addr_fam=InterNetwork;",
        "x-ms-keyvault-region": "westus2",
        "x-ms-keyvault-service-version": "1.9.276.1",
        "x-ms-request-id": "c55d0cd7-3637-44bc-b6ba-b5ea398f7040",
        "X-Powered-By": "ASP.NET"
      },
      "ResponseBody": {
        "error": {
          "code": "KeyNotFound",
          "message": "A key with (name/id) key108732465 was not found in this key vault. If you recently deleted this key you may be able to recover it using the correct recovery command. For help resolving this issue, please see https://go.microsoft.com/fwlink/?linkid=2125182"
        }
      }
    },
    {
      "RequestUri": "https://fakekvurl.vault.azure.net/keys/key108732465/?api-version=7.3-preview",
      "RequestMethod": "GET",
      "RequestHeaders": {
        ":method": "GET",
        "Accept": "application/json",
        "Accept-Encoding": "gzip",
        "Authorization": "Sanitized",
        "User-Agent": "azsdk-go-generated/v0.3.0 azsdk-go-azcore/v0.21.0 (go1.17; Windows_NT)"
      },
      "RequestBody": null,
      "StatusCode": 404,
      "ResponseHeaders": {
        "Cache-Control": "no-cache",
        "Content-Length": "300",
        "Content-Type": "application/json; charset=utf-8",
        "Date": "Thu, 03 Feb 2022 20:36:10 GMT",
        "Expires": "-1",
        "Pragma": "no-cache",
        "Strict-Transport-Security": "max-age=31536000;includeSubDomains",
        "X-Content-Type-Options": "nosniff",
        "x-ms-keyvault-network-info": "conn_type=Ipv4;addr=72.49.29.93;act_addr_fam=InterNetwork;",
        "x-ms-keyvault-region": "westus2",
        "x-ms-keyvault-service-version": "1.9.276.1",
        "x-ms-request-id": "cd0cab35-a381-452d-93fa-dd8f3bd451f0",
        "X-Powered-By": "ASP.NET"
      },
      "ResponseBody": {
        "error": {
          "code": "KeyNotFound",
          "message": "A key with (name/id) key108732465 was not found in this key vault. If you recently deleted this key you may be able to recover it using the correct recovery command. For help resolving this issue, please see https://go.microsoft.com/fwlink/?linkid=2125182"
        }
      }
    },
    {
      "RequestUri": "https://fakekvurl.vault.azure.net/keys/key108732465/?api-version=7.3-preview",
      "RequestMethod": "GET",
      "RequestHeaders": {
        ":method": "GET",
        "Accept": "application/json",
        "Accept-Encoding": "gzip",
        "Authorization": "Sanitized",
        "User-Agent": "azsdk-go-generated/v0.3.0 azsdk-go-azcore/v0.21.0 (go1.17; Windows_NT)"
      },
      "RequestBody": null,
      "StatusCode": 404,
      "ResponseHeaders": {
        "Cache-Control": "no-cache",
        "Content-Length": "300",
        "Content-Type": "application/json; charset=utf-8",
        "Date": "Thu, 03 Feb 2022 20:36:10 GMT",
        "Expires": "-1",
        "Pragma": "no-cache",
        "Strict-Transport-Security": "max-age=31536000;includeSubDomains",
        "X-Content-Type-Options": "nosniff",
        "x-ms-keyvault-network-info": "conn_type=Ipv4;addr=72.49.29.93;act_addr_fam=InterNetwork;",
        "x-ms-keyvault-region": "westus2",
        "x-ms-keyvault-service-version": "1.9.276.1",
        "x-ms-request-id": "ecb8f8ac-90d0-4262-bf21-2c10af537160",
        "X-Powered-By": "ASP.NET"
      },
      "ResponseBody": {
        "error": {
          "code": "KeyNotFound",
          "message": "A key with (name/id) key108732465 was not found in this key vault. If you recently deleted this key you may be able to recover it using the correct recovery command. For help resolving this issue, please see https://go.microsoft.com/fwlink/?linkid=2125182"
        }
      }
    },
    {
      "RequestUri": "https://fakekvurl.vault.azure.net/keys/key108732465/?api-version=7.3-preview",
      "RequestMethod": "GET",
      "RequestHeaders": {
        ":method": "GET",
        "Accept": "application/json",
        "Accept-Encoding": "gzip",
        "Authorization": "Sanitized",
        "User-Agent": "azsdk-go-generated/v0.3.0 azsdk-go-azcore/v0.21.0 (go1.17; Windows_NT)"
      },
      "RequestBody": null,
      "StatusCode": 404,
      "ResponseHeaders": {
        "Cache-Control": "no-cache",
        "Content-Length": "300",
        "Content-Type": "application/json; charset=utf-8",
        "Date": "Thu, 03 Feb 2022 20:36:12 GMT",
        "Expires": "-1",
        "Pragma": "no-cache",
        "Strict-Transport-Security": "max-age=31536000;includeSubDomains",
        "X-Content-Type-Options": "nosniff",
        "x-ms-keyvault-network-info": "conn_type=Ipv4;addr=72.49.29.93;act_addr_fam=InterNetwork;",
        "x-ms-keyvault-region": "westus2",
        "x-ms-keyvault-service-version": "1.9.276.1",
        "x-ms-request-id": "d8378079-81c3-4eda-a67f-81ae6708abbd",
        "X-Powered-By": "ASP.NET"
      },
      "ResponseBody": {
        "error": {
          "code": "KeyNotFound",
          "message": "A key with (name/id) key108732465 was not found in this key vault. If you recently deleted this key you may be able to recover it using the correct recovery command. For help resolving this issue, please see https://go.microsoft.com/fwlink/?linkid=2125182"
        }
      }
    },
    {
      "RequestUri": "https://fakekvurl.vault.azure.net/keys/key108732465/?api-version=7.3-preview",
      "RequestMethod": "GET",
      "RequestHeaders": {
        ":method": "GET",
        "Accept": "application/json",
        "Accept-Encoding": "gzip",
        "Authorization": "Sanitized",
        "User-Agent": "azsdk-go-generated/v0.3.0 azsdk-go-azcore/v0.21.0 (go1.17; Windows_NT)"
      },
      "RequestBody": null,
      "StatusCode": 200,
      "ResponseHeaders": {
        "Cache-Control": "no-cache",
        "Content-Length": "686",
        "Content-Type": "application/json; charset=utf-8",
        "Date": "Thu, 03 Feb 2022 20:36:12 GMT",
        "Expires": "-1",
        "Pragma": "no-cache",
        "Strict-Transport-Security": "max-age=31536000;includeSubDomains",
        "X-Content-Type-Options": "nosniff",
        "x-ms-keyvault-network-info": "conn_type=Ipv4;addr=72.49.29.93;act_addr_fam=InterNetwork;",
        "x-ms-keyvault-region": "westus2",
        "x-ms-keyvault-service-version": "1.9.276.1",
        "x-ms-request-id": "b060a910-27fb-4c4b-aedd-4fcd59916879",
        "X-Powered-By": "ASP.NET"
      },
      "ResponseBody": {
        "key": {
          "kid": "https://fakekvurl.vault.azure.net/keys/key108732465/eea25b49d02e4bc8a23eb22e47426290",
          "kty": "RSA",
          "key_ops": [
            "encrypt",
            "decrypt",
            "sign",
            "verify",
            "wrapKey",
            "unwrapKey"
          ],
          "n": "qJT_50RWddVj-zyJB8_8v_DnE9cu0y6qKsCwp8o8MXvQnGvZBvWsU-crJcaZSuuFQxMClJpjFPZtR9pnDq28ZmClfXQPpjpja8-tAg25wtU8MPs_ZCmvvbsRBehfPEW8tTEx5okjsA282ZLIDopIaMQ_PoJexUub_n3nLb_gsTnG52Li4ForgTTca6u6i7X1dC2Bub-OybCZP1UjUHN7RPlpyxqF1e4HnDBj5xQL0nFj7pwyNF_Q2M2iBu6JkAjyhlJx1bzreOhuy_KU-KtWYWCcl5Nlel3WqNw1Ls-UFAJU9z8ODuK8V4CIcRtjabmLx1QbaO-qW_m8Srb94I0qeQ",
          "e": "AQAB"
        },
        "attributes": {
          "enabled": true,
          "created": 1643920569,
          "updated": 1643920569,
          "recoveryLevel": "CustomizedRecoverable\u002BPurgeable",
          "recoverableDays": 7
        }
      }
    },
    {
      "RequestUri": "https://fakekvurl.vault.azure.net/keys/key108732465/?api-version=7.3-preview",
      "RequestMethod": "GET",
      "RequestHeaders": {
        ":method": "GET",
        "Accept": "application/json",
        "Accept-Encoding": "gzip",
        "Authorization": "Sanitized",
        "User-Agent": "azsdk-go-generated/v0.3.0 azsdk-go-azcore/v0.21.0 (go1.17; Windows_NT)"
      },
      "RequestBody": null,
      "StatusCode": 200,
      "ResponseHeaders": {
        "Cache-Control": "no-cache",
        "Content-Length": "686",
        "Content-Type": "application/json; charset=utf-8",
        "Date": "Thu, 03 Feb 2022 20:36:12 GMT",
        "Expires": "-1",
        "Pragma": "no-cache",
        "Strict-Transport-Security": "max-age=31536000;includeSubDomains",
        "X-Content-Type-Options": "nosniff",
        "x-ms-keyvault-network-info": "conn_type=Ipv4;addr=72.49.29.93;act_addr_fam=InterNetwork;",
        "x-ms-keyvault-region": "westus2",
        "x-ms-keyvault-service-version": "1.9.276.1",
        "x-ms-request-id": "1a21f625-e9f6-4aea-8b73-28d408940907",
        "X-Powered-By": "ASP.NET"
      },
      "ResponseBody": {
        "key": {
          "kid": "https://fakekvurl.vault.azure.net/keys/key108732465/eea25b49d02e4bc8a23eb22e47426290",
          "kty": "RSA",
          "key_ops": [
            "encrypt",
            "decrypt",
            "sign",
            "verify",
            "wrapKey",
            "unwrapKey"
          ],
          "n": "qJT_50RWddVj-zyJB8_8v_DnE9cu0y6qKsCwp8o8MXvQnGvZBvWsU-crJcaZSuuFQxMClJpjFPZtR9pnDq28ZmClfXQPpjpja8-tAg25wtU8MPs_ZCmvvbsRBehfPEW8tTEx5okjsA282ZLIDopIaMQ_PoJexUub_n3nLb_gsTnG52Li4ForgTTca6u6i7X1dC2Bub-OybCZP1UjUHN7RPlpyxqF1e4HnDBj5xQL0nFj7pwyNF_Q2M2iBu6JkAjyhlJx1bzreOhuy_KU-KtWYWCcl5Nlel3WqNw1Ls-UFAJU9z8ODuK8V4CIcRtjabmLx1QbaO-qW_m8Srb94I0qeQ",
          "e": "AQAB"
        },
        "attributes": {
          "enabled": true,
          "created": 1643920569,
          "updated": 1643920569,
          "recoveryLevel": "CustomizedRecoverable\u002BPurgeable",
          "recoverableDays": 7
        }
      }
    },
    {
      "RequestUri": "https://fakekvurl.vault.azure.net/keys/key108732465/?api-version=7.3-preview",
      "RequestMethod": "GET",
      "RequestHeaders": {
        ":method": "GET",
        "Accept": "application/json",
        "Accept-Encoding": "gzip",
        "Authorization": "Sanitized",
        "User-Agent": "azsdk-go-generated/v0.3.0 azsdk-go-azcore/v0.21.0 (go1.17; Windows_NT)"
      },
      "RequestBody": null,
      "StatusCode": 200,
      "ResponseHeaders": {
        "Cache-Control": "no-cache",
        "Content-Length": "686",
        "Content-Type": "application/json; charset=utf-8",
        "Date": "Thu, 03 Feb 2022 20:36:12 GMT",
        "Expires": "-1",
        "Pragma": "no-cache",
        "Strict-Transport-Security": "max-age=31536000;includeSubDomains",
        "X-Content-Type-Options": "nosniff",
        "x-ms-keyvault-network-info": "conn_type=Ipv4;addr=72.49.29.93;act_addr_fam=InterNetwork;",
        "x-ms-keyvault-region": "westus2",
        "x-ms-keyvault-service-version": "1.9.276.1",
        "x-ms-request-id": "5829613a-bca9-4ccc-bacc-0961484edec2",
        "X-Powered-By": "ASP.NET"
      },
      "ResponseBody": {
        "key": {
          "kid": "https://fakekvurl.vault.azure.net/keys/key108732465/eea25b49d02e4bc8a23eb22e47426290",
          "kty": "RSA",
          "key_ops": [
            "encrypt",
            "decrypt",
            "sign",
            "verify",
            "wrapKey",
            "unwrapKey"
          ],
          "n": "qJT_50RWddVj-zyJB8_8v_DnE9cu0y6qKsCwp8o8MXvQnGvZBvWsU-crJcaZSuuFQxMClJpjFPZtR9pnDq28ZmClfXQPpjpja8-tAg25wtU8MPs_ZCmvvbsRBehfPEW8tTEx5okjsA282ZLIDopIaMQ_PoJexUub_n3nLb_gsTnG52Li4ForgTTca6u6i7X1dC2Bub-OybCZP1UjUHN7RPlpyxqF1e4HnDBj5xQL0nFj7pwyNF_Q2M2iBu6JkAjyhlJx1bzreOhuy_KU-KtWYWCcl5Nlel3WqNw1Ls-UFAJU9z8ODuK8V4CIcRtjabmLx1QbaO-qW_m8Srb94I0qeQ",
          "e": "AQAB"
        },
        "attributes": {
          "enabled": true,
          "created": 1643920569,
          "updated": 1643920569,
          "recoveryLevel": "CustomizedRecoverable\u002BPurgeable",
          "recoverableDays": 7
        }
      }
    },
    {
      "RequestUri": "https://fakekvurl.vault.azure.net/deletedkeys/INVALIDKEYNAME/recover?api-version=7.3-preview",
      "RequestMethod": "POST",
      "RequestHeaders": {
        ":method": "POST",
        "Accept": "application/json",
        "Accept-Encoding": "gzip",
        "Authorization": "Sanitized",
        "Content-Length": "0",
        "User-Agent": "azsdk-go-generated/v0.3.0 azsdk-go-azcore/v0.21.0 (go1.17; Windows_NT)"
      },
      "RequestBody": null,
      "StatusCode": 404,
      "ResponseHeaders": {
        "Cache-Control": "no-cache",
        "Content-Length": "302",
        "Content-Type": "application/json; charset=utf-8",
        "Date": "Thu, 03 Feb 2022 20:36:12 GMT",
        "Expires": "-1",
        "Pragma": "no-cache",
        "Strict-Transport-Security": "max-age=31536000;includeSubDomains",
        "X-Content-Type-Options": "nosniff",
        "x-ms-keyvault-network-info": "conn_type=Ipv4;addr=72.49.29.93;act_addr_fam=InterNetwork;",
        "x-ms-keyvault-region": "westus2",
        "x-ms-keyvault-service-version": "1.9.276.1",
        "x-ms-request-id": "ac360b83-e898-4828-911a-1aeb33754411",
        "X-Powered-By": "ASP.NET"
      },
      "ResponseBody": {
        "error": {
          "code": "KeyNotFound",
          "message": "A key with (name/id) INVALIDKEYNAME was not found in this key vault. If you recently deleted this key you may be able to recover it using the correct recovery command. For help resolving this issue, please see https://go.microsoft.com/fwlink/?linkid=2125182"
        }
      }
    },
    {
      "RequestUri": "https://fakekvurl.vault.azure.net/keys/key108732465?api-version=7.3-preview",
      "RequestMethod": "DELETE",
      "RequestHeaders": {
        "Accept": "application/json",
        "Accept-Encoding": "gzip",
        "Authorization": "Sanitized",
        "User-Agent": "azsdk-go-generated/v0.3.0 azsdk-go-azcore/v0.21.0 (go1.17; Windows_NT)"
      },
      "RequestBody": null,
      "StatusCode": 200,
      "ResponseHeaders": {
        "Cache-Control": "no-cache",
        "Content-Length": "817",
        "Content-Type": "application/json; charset=utf-8",
        "Date": "Thu, 03 Feb 2022 20:36:13 GMT",
        "Expires": "-1",
        "Pragma": "no-cache",
        "Strict-Transport-Security": "max-age=31536000;includeSubDomains",
        "X-Content-Type-Options": "nosniff",
        "x-ms-keyvault-network-info": "conn_type=Ipv4;addr=72.49.29.93;act_addr_fam=InterNetwork;",
        "x-ms-keyvault-region": "westus2",
        "x-ms-keyvault-service-version": "1.9.276.1",
        "x-ms-request-id": "dc9e2cc0-fb59-45f2-b7cf-36164de22133",
        "X-Powered-By": "ASP.NET"
      },
      "ResponseBody": {
        "recoveryId": "https://fakekvurl.vault.azure.net/deletedkeys/key108732465",
        "deletedDate": 1643920573,
        "scheduledPurgeDate": 1644525373,
        "key": {
          "kid": "https://fakekvurl.vault.azure.net/keys/key108732465/eea25b49d02e4bc8a23eb22e47426290",
          "kty": "RSA",
          "key_ops": [
            "encrypt",
            "decrypt",
            "sign",
            "verify",
            "wrapKey",
            "unwrapKey"
          ],
          "n": "qJT_50RWddVj-zyJB8_8v_DnE9cu0y6qKsCwp8o8MXvQnGvZBvWsU-crJcaZSuuFQxMClJpjFPZtR9pnDq28ZmClfXQPpjpja8-tAg25wtU8MPs_ZCmvvbsRBehfPEW8tTEx5okjsA282ZLIDopIaMQ_PoJexUub_n3nLb_gsTnG52Li4ForgTTca6u6i7X1dC2Bub-OybCZP1UjUHN7RPlpyxqF1e4HnDBj5xQL0nFj7pwyNF_Q2M2iBu6JkAjyhlJx1bzreOhuy_KU-KtWYWCcl5Nlel3WqNw1Ls-UFAJU9z8ODuK8V4CIcRtjabmLx1QbaO-qW_m8Srb94I0qeQ",
          "e": "AQAB"
        },
        "attributes": {
          "enabled": true,
          "created": 1643920569,
          "updated": 1643920569,
          "recoveryLevel": "CustomizedRecoverable\u002BPurgeable",
          "recoverableDays": 7
        }
      }
    },
    {
      "RequestUri": "https://fakekvurl.vault.azure.net/deletedkeys/key108732465?api-version=7.3-preview",
      "RequestMethod": "GET",
      "RequestHeaders": {
        ":method": "GET",
        "Accept": "application/json",
        "Accept-Encoding": "gzip",
        "Authorization": "Sanitized",
        "User-Agent": "azsdk-go-generated/v0.3.0 azsdk-go-azcore/v0.21.0 (go1.17; Windows_NT)"
      },
      "RequestBody": null,
      "StatusCode": 404,
      "ResponseHeaders": {
        "Cache-Control": "no-cache",
        "Content-Length": "80",
        "Content-Type": "application/json; charset=utf-8",
        "Date": "Thu, 03 Feb 2022 20:36:13 GMT",
        "Expires": "-1",
        "Pragma": "no-cache",
        "Strict-Transport-Security": "max-age=31536000;includeSubDomains",
        "X-Content-Type-Options": "nosniff",
        "x-ms-keyvault-network-info": "conn_type=Ipv4;addr=72.49.29.93;act_addr_fam=InterNetwork;",
        "x-ms-keyvault-region": "westus2",
        "x-ms-keyvault-service-version": "1.9.276.1",
        "x-ms-request-id": "47f112c9-8e24-4085-a441-c5f4c95d2060",
        "X-Powered-By": "ASP.NET"
      },
      "ResponseBody": {
        "error": {
          "code": "KeyNotFound",
          "message": "Deleted Key not found: key108732465"
        }
      }
    },
    {
      "RequestUri": "https://fakekvurl.vault.azure.net/deletedkeys/key108732465?api-version=7.3-preview",
      "RequestMethod": "GET",
      "RequestHeaders": {
        ":method": "GET",
        "Accept": "application/json",
        "Accept-Encoding": "gzip",
        "Authorization": "Sanitized",
        "User-Agent": "azsdk-go-generated/v0.3.0 azsdk-go-azcore/v0.21.0 (go1.17; Windows_NT)"
      },
      "RequestBody": null,
      "StatusCode": 404,
      "ResponseHeaders": {
        "Cache-Control": "no-cache",
        "Content-Length": "80",
        "Content-Type": "application/json; charset=utf-8",
        "Date": "Thu, 03 Feb 2022 20:36:13 GMT",
        "Expires": "-1",
        "Pragma": "no-cache",
        "Strict-Transport-Security": "max-age=31536000;includeSubDomains",
        "X-Content-Type-Options": "nosniff",
        "x-ms-keyvault-network-info": "conn_type=Ipv4;addr=72.49.29.93;act_addr_fam=InterNetwork;",
        "x-ms-keyvault-region": "westus2",
        "x-ms-keyvault-service-version": "1.9.276.1",
        "x-ms-request-id": "e9bbd21b-898c-4334-9ec3-7f5a02f0aa01",
        "X-Powered-By": "ASP.NET"
      },
      "ResponseBody": {
        "error": {
          "code": "KeyNotFound",
          "message": "Deleted Key not found: key108732465"
        }
      }
    },
    {
      "RequestUri": "https://fakekvurl.vault.azure.net/deletedkeys/key108732465?api-version=7.3-preview",
      "RequestMethod": "GET",
      "RequestHeaders": {
        ":method": "GET",
        "Accept": "application/json",
        "Accept-Encoding": "gzip",
        "Authorization": "Sanitized",
        "User-Agent": "azsdk-go-generated/v0.3.0 azsdk-go-azcore/v0.21.0 (go1.17; Windows_NT)"
      },
      "RequestBody": null,
      "StatusCode": 404,
      "ResponseHeaders": {
        "Cache-Control": "no-cache",
        "Content-Length": "80",
        "Content-Type": "application/json; charset=utf-8",
        "Date": "Thu, 03 Feb 2022 20:36:13 GMT",
        "Expires": "-1",
        "Pragma": "no-cache",
        "Strict-Transport-Security": "max-age=31536000;includeSubDomains",
        "X-Content-Type-Options": "nosniff",
        "x-ms-keyvault-network-info": "conn_type=Ipv4;addr=72.49.29.93;act_addr_fam=InterNetwork;",
        "x-ms-keyvault-region": "westus2",
        "x-ms-keyvault-service-version": "1.9.276.1",
        "x-ms-request-id": "05f60f0e-d95b-496d-9645-9ab87b8659a3",
        "X-Powered-By": "ASP.NET"
      },
      "ResponseBody": {
        "error": {
          "code": "KeyNotFound",
          "message": "Deleted Key not found: key108732465"
        }
      }
    },
    {
      "RequestUri": "https://fakekvurl.vault.azure.net/deletedkeys/key108732465?api-version=7.3-preview",
      "RequestMethod": "GET",
      "RequestHeaders": {
        ":method": "GET",
        "Accept": "application/json",
        "Accept-Encoding": "gzip",
        "Authorization": "Sanitized",
        "User-Agent": "azsdk-go-generated/v0.3.0 azsdk-go-azcore/v0.21.0 (go1.17; Windows_NT)"
      },
      "RequestBody": null,
      "StatusCode": 404,
      "ResponseHeaders": {
        "Cache-Control": "no-cache",
        "Content-Length": "80",
        "Content-Type": "application/json; charset=utf-8",
        "Date": "Thu, 03 Feb 2022 20:36:14 GMT",
        "Expires": "-1",
        "Pragma": "no-cache",
        "Strict-Transport-Security": "max-age=31536000;includeSubDomains",
        "X-Content-Type-Options": "nosniff",
        "x-ms-keyvault-network-info": "conn_type=Ipv4;addr=72.49.29.93;act_addr_fam=InterNetwork;",
        "x-ms-keyvault-region": "westus2",
        "x-ms-keyvault-service-version": "1.9.276.1",
        "x-ms-request-id": "d30c1091-63ce-4f68-adf7-2242d1ec0586",
        "X-Powered-By": "ASP.NET"
      },
      "ResponseBody": {
        "error": {
          "code": "KeyNotFound",
          "message": "Deleted Key not found: key108732465"
        }
      }
    },
    {
      "RequestUri": "https://fakekvurl.vault.azure.net/deletedkeys/key108732465?api-version=7.3-preview",
      "RequestMethod": "GET",
      "RequestHeaders": {
        ":method": "GET",
        "Accept": "application/json",
        "Accept-Encoding": "gzip",
        "Authorization": "Sanitized",
        "User-Agent": "azsdk-go-generated/v0.3.0 azsdk-go-azcore/v0.21.0 (go1.17; Windows_NT)"
      },
      "RequestBody": null,
      "StatusCode": 200,
      "ResponseHeaders": {
        "Cache-Control": "no-cache",
        "Content-Length": "817",
        "Content-Type": "application/json; charset=utf-8",
        "Date": "Thu, 03 Feb 2022 20:36:14 GMT",
        "Expires": "-1",
        "Pragma": "no-cache",
        "Strict-Transport-Security": "max-age=31536000;includeSubDomains",
        "X-Content-Type-Options": "nosniff",
        "x-ms-keyvault-network-info": "conn_type=Ipv4;addr=72.49.29.93;act_addr_fam=InterNetwork;",
        "x-ms-keyvault-region": "westus2",
        "x-ms-keyvault-service-version": "1.9.276.1",
        "x-ms-request-id": "8664b377-95c4-4456-bbe8-d325f177e57b",
        "X-Powered-By": "ASP.NET"
      },
      "ResponseBody": {
        "recoveryId": "https://fakekvurl.vault.azure.net/deletedkeys/key108732465",
        "deletedDate": 1643920573,
        "scheduledPurgeDate": 1644525373,
        "key": {
          "kid": "https://fakekvurl.vault.azure.net/keys/key108732465/eea25b49d02e4bc8a23eb22e47426290",
          "kty": "RSA",
          "key_ops": [
            "encrypt",
            "decrypt",
            "sign",
            "verify",
            "wrapKey",
            "unwrapKey"
          ],
          "n": "qJT_50RWddVj-zyJB8_8v_DnE9cu0y6qKsCwp8o8MXvQnGvZBvWsU-crJcaZSuuFQxMClJpjFPZtR9pnDq28ZmClfXQPpjpja8-tAg25wtU8MPs_ZCmvvbsRBehfPEW8tTEx5okjsA282ZLIDopIaMQ_PoJexUub_n3nLb_gsTnG52Li4ForgTTca6u6i7X1dC2Bub-OybCZP1UjUHN7RPlpyxqF1e4HnDBj5xQL0nFj7pwyNF_Q2M2iBu6JkAjyhlJx1bzreOhuy_KU-KtWYWCcl5Nlel3WqNw1Ls-UFAJU9z8ODuK8V4CIcRtjabmLx1QbaO-qW_m8Srb94I0qeQ",
          "e": "AQAB"
        },
        "attributes": {
          "enabled": true,
          "created": 1643920569,
          "updated": 1643920569,
          "recoveryLevel": "CustomizedRecoverable\u002BPurgeable",
          "recoverableDays": 7
        }
      }
    },
    {
      "RequestUri": "https://fakekvurl.vault.azure.net/deletedkeys/key108732465?api-version=7.3-preview",
      "RequestMethod": "DELETE",
      "RequestHeaders": {
        "Accept": "application/json",
        "Accept-Encoding": "gzip",
        "Authorization": "Sanitized",
        "User-Agent": "azsdk-go-generated/v0.3.0 azsdk-go-azcore/v0.21.0 (go1.17; Windows_NT)"
      },
      "RequestBody": null,
      "StatusCode": 204,
      "ResponseHeaders": {
        "Cache-Control": "no-cache",
        "Date": "Thu, 03 Feb 2022 20:36:14 GMT",
        "Expires": "-1",
        "Pragma": "no-cache",
        "Strict-Transport-Security": "max-age=31536000;includeSubDomains",
        "X-Content-Type-Options": "nosniff",
        "x-ms-keyvault-network-info": "conn_type=Ipv4;addr=72.49.29.93;act_addr_fam=InterNetwork;",
        "x-ms-keyvault-region": "westus2",
        "x-ms-keyvault-service-version": "1.9.276.1",
        "x-ms-request-id": "20ae301a-47fc-4dcc-b67f-985868db4262",
        "X-Powered-By": "ASP.NET"
      },
      "ResponseBody": null
    }
  ],
  "Variables": {}
}
