---
version: 1
interactions:
- request:
    body: ""
    form: {}
    headers:
      Accept:
      - application/xml
      Authorization:
      - sanitized
      User-Agent:
      - azsdk-go-azblob/v0.5.0 (go1.18.1; Windows_NT)
      X-Ms-Date:
      - Tue, 12 Jul 2022 07:36:25 GMT
      x-ms-version:
      - "2020-10-02"
    url: https://azureblobstoragecanada.blob.core.windows.net/gocgetsetblobmetadatawithcpk01?restype=container
    method: PUT
  response:
    body: ""
    headers:
      Content-Length:
      - "0"
      Date:
      - Tue, 12 Jul 2022 07:36:25 GMT
      Etag:
      - '"0x8DA63D939E38F43"'
      Last-Modified:
      - Tue, 12 Jul 2022 07:36:25 GMT
      Server:
      - Windows-Azure-Blob/1.0 Microsoft-HTTPAPI/2.0
      X-Ms-Request-Id:
      - 288e3ebd-401e-0080-48c2-95707e000000
      X-Ms-Version:
      - "2020-10-02"
    status: 201 Created
    code: 201
    duration: ""
- request:
    body: GoBlockBlobData
    form: {}
    headers:
      Accept:
      - application/xml
      Authorization:
      - sanitized
      Content-Length:
      - "15"
      Content-Type:
      - application/octet-stream
      User-Agent:
      - azsdk-go-azblob/v0.5.0 (go1.18.1; Windows_NT)
      X-Ms-Date:
      - Tue, 12 Jul 2022 07:36:26 GMT
      x-ms-blob-type:
      - BlockBlob
      x-ms-encryption-algorithm:
      - AES256
      x-ms-encryption-key:
      - MDEyMzQ1NjcwMTIzNDU2NzAxMjM0NTY3MDEyMzQ1Njc=
      x-ms-encryption-key-sha256:
      - 3QFFFpRA5+XANHqwwbT4yXDmrT/2JaLt/FKHjzhOdoE=
      x-ms-version:
      - "2020-10-02"
    url: https://azureblobstoragecanada.blob.core.windows.net/gocgetsetblobmetadatawithcpk01/gotestblobgetsetblobmetadatawithcpk
    method: PUT
  response:
    body: ""
    headers:
      Content-Length:
      - "0"
      Content-Md5:
      - ebncwguMQu9sgPmr0GazhA==
      Date:
      - Tue, 12 Jul 2022 07:36:25 GMT
      Etag:
      - '"0x8DA63D93A09F1D4"'
      Last-Modified:
      - Tue, 12 Jul 2022 07:36:25 GMT
      Server:
      - Windows-Azure-Blob/1.0 Microsoft-HTTPAPI/2.0
      X-Ms-Content-Crc64:
      - +JGsS7CR5kg=
      X-Ms-Encryption-Key-Sha256:
      - 3QFFFpRA5+XANHqwwbT4yXDmrT/2JaLt/FKHjzhOdoE=
      X-Ms-Request-Id:
      - 288e3fee-401e-0080-4fc2-95707e000000
      X-Ms-Request-Server-Encrypted:
      - "true"
      X-Ms-Version:
      - "2020-10-02"
      X-Ms-Version-Id:
      - "2022-07-12T07:36:25.9129812Z"
    status: 201 Created
    code: 201
    duration: ""
- request:
    body: ""
    form: {}
    headers:
      Accept:
      - application/xml
      Authorization:
      - sanitized
      User-Agent:
      - azsdk-go-azblob/v0.5.0 (go1.18.1; Windows_NT)
      X-Ms-Date:
      - Tue, 12 Jul 2022 07:36:26 GMT
      x-ms-meta-Foo:
      - bar
      x-ms-version:
      - "2020-10-02"
    url: https://azureblobstoragecanada.blob.core.windows.net/gocgetsetblobmetadatawithcpk01/gotestblobgetsetblobmetadatawithcpk?comp=metadata
    method: PUT
  response:
    body: "\uFEFF\x3C\x3F\x78\x6D\x6C\x20\x76\x65\x72\x73\x69\x6F\x6E\x3D\"\x31\x2E\x30\"\x20\x65\x6E\x63\x6F\x64\x69\x6E\x67\x3D\"\x75\x74\x66\x2D\x38\"\x3F\x3E\x3C\x45\x72\x72\x6F\x72\x3E\x3C\x43\x6F\x64\x65\x3E\x42\x6C\x6F\x62\x55\x73\x65\x73\x43\x75\x73\x74\x6F\x6D\x65\x72\x53\x70\x65\x63\x69\x66\x69\x65\x64\x45\x6E\x63\x72\x79\x70\x74\x69\x6F\x6E\x3C\x2F\x43\x6F\x64\x65\x3E\x3C\x4D\x65\x73\x73\x61\x67\x65\x3E\x54\x68\x65\x20\x62\x6C\x6F\x62\x20\x69\x73\x20\x65\x6E\x63\x72\x79\x70\x74\x65\x64\x20\x77\x69\x74\x68\x20\x63\x75\x73\x74\x6F\x6D\x65\x72\x20\x73\x70\x65\x63\x69\x66\x69\x65\x64\x20\x65\x6E\x63\x72\x79\x70\x74\x69\x6F\x6E\x2C\x20\x62\x75\x74\x20\x69\x74\x20\x77\x61\x73\x20\x6E\x6F\x74\x20\x70\x72\x6F\x76\x69\x64\x65\x64\x20\x69\x6E\x20\x74\x68\x65\x20\x72\x65\x71\x75\x65\x73\x74\x2E\n\x52\x65\x71\x75\x65\x73\x74\x49\x64\x3A\x32\x38\x38\x65\x34\x31\x30\x63\x2D\x34\x30\x31\x65\x2D\x30\x30\x38\x30\x2D\x34\x62\x63\x32\x2D\x39\x35\x37\x30\x37\x65\x30\x30\x30\x30\x30\x30\n\x54\x69\x6D\x65\x3A\x32\x30\x32\x32\x2D\x30\x37\x2D\x31\x32\x54\x30\x37\x3A\x33\x36\x3A\x32\x36\x2E\x31\x39\x32\x30\x39\x38\x34\x5A\x3C\x2F\x4D\x65\x73\x73\x61\x67\x65\x3E\x3C\x2F\x45\x72\x72\x6F\x72\x3E"
    headers:
      Content-Length:
      - "301"
      Content-Type:
      - application/xml
      Date:
      - Tue, 12 Jul 2022 07:36:25 GMT
      Server:
      - Windows-Azure-Blob/1.0 Microsoft-HTTPAPI/2.0
      X-Ms-Error-Code:
      - BlobUsesCustomerSpecifiedEncryption
      X-Ms-Request-Id:
      - 288e410c-401e-0080-4bc2-95707e000000
      X-Ms-Version:
      - "2020-10-02"
    status: 409 The blob is encrypted with customer specified encryption, but it was
      not provided in the request.
    code: 409
    duration: ""
- request:
    body: ""
    form: {}
    headers:
      Accept:
      - application/xml
      Authorization:
      - sanitized
      User-Agent:
      - azsdk-go-azblob/v0.5.0 (go1.18.1; Windows_NT)
      X-Ms-Date:
      - Tue, 12 Jul 2022 07:36:26 GMT
      x-ms-encryption-algorithm:
      - AES256
      x-ms-encryption-key:
      - MDEyMzQ1NjcwMTIzNDU2NzAxMjM0NTY3MDEyMzQ1Njc=
      x-ms-encryption-key-sha256:
      - 3QFFFpRA5+XANHqwwbT4yXDmrT/2JaLt/FKHjzhOdoE=
      x-ms-meta-Foo:
      - bar
      x-ms-version:
      - "2020-10-02"
    url: https://azureblobstoragecanada.blob.core.windows.net/gocgetsetblobmetadatawithcpk01/gotestblobgetsetblobmetadatawithcpk?comp=metadata
    method: PUT
  response:
    body: ""
    headers:
      Content-Length:
      - "0"
      Date:
      - Tue, 12 Jul 2022 07:36:25 GMT
      Etag:
      - '"0x8DA63D93A5A9E48"'
      Last-Modified:
      - Tue, 12 Jul 2022 07:36:26 GMT
      Server:
      - Windows-Azure-Blob/1.0 Microsoft-HTTPAPI/2.0
      X-Ms-Encryption-Key-Sha256:
      - 3QFFFpRA5+XANHqwwbT4yXDmrT/2JaLt/FKHjzhOdoE=
      X-Ms-Request-Id:
      - 288e4215-401e-0080-32c2-95707e000000
      X-Ms-Request-Server-Encrypted:
      - "true"
      X-Ms-Version:
      - "2020-10-02"
      X-Ms-Version-Id:
      - "2022-07-12T07:36:26.4426840Z"
    status: 200 OK
    code: 200
    duration: ""
- request:
    body: ""
    form: {}
    headers:
      Accept:
      - application/xml
      Authorization:
      - sanitized
      User-Agent:
      - azsdk-go-azblob/v0.5.0 (go1.18.1; Windows_NT)
      X-Ms-Date:
      - Tue, 12 Jul 2022 07:36:26 GMT
      x-ms-version:
      - "2020-10-02"
    url: https://azureblobstoragecanada.blob.core.windows.net/gocgetsetblobmetadatawithcpk01/gotestblobgetsetblobmetadatawithcpk
    method: HEAD
  response:
    body: ""
    headers:
      Date:
      - Tue, 12 Jul 2022 07:36:26 GMT
      Server:
      - Windows-Azure-Blob/1.0 Microsoft-HTTPAPI/2.0
      X-Ms-Error-Code:
      - BlobUsesCustomerSpecifiedEncryption
      X-Ms-Request-Id:
      - 288e43a4-401e-0080-71c2-95707e000000
      X-Ms-Version:
      - "2020-10-02"
    status: 409 The blob is encrypted with customer specified encryption, but it was
      not provided in the request.
    code: 409
    duration: ""
- request:
    body: ""
    form: {}
    headers:
      Accept:
      - application/xml
      Authorization:
      - sanitized
      User-Agent:
      - azsdk-go-azblob/v0.5.0 (go1.18.1; Windows_NT)
      X-Ms-Date:
      - Tue, 12 Jul 2022 07:36:27 GMT
      x-ms-encryption-algorithm:
      - AES256
      x-ms-encryption-key:
      - MDEyMzQ1NjcwMTIzNDU2NzAxMjM0NTY3MDEyMzQ1Njc=
      x-ms-encryption-key-sha256:
      - 3QFFFpRA5+XANHqwwbT4yXDmrT/2JaLt/FKHjzhOdoE=
      x-ms-version:
      - "2020-10-02"
    url: https://azureblobstoragecanada.blob.core.windows.net/gocgetsetblobmetadatawithcpk01/gotestblobgetsetblobmetadatawithcpk
    method: HEAD
  response:
    body: ""
    headers:
      Accept-Ranges:
      - bytes
      Content-Length:
      - "15"
      Content-Md5:
      - ebncwguMQu9sgPmr0GazhA==
      Content-Type:
      - application/octet-stream
      Date:
      - Tue, 12 Jul 2022 07:36:26 GMT
      Etag:
      - '"0x8DA63D93A5A9E48"'
      Last-Modified:
      - Tue, 12 Jul 2022 07:36:26 GMT
      Server:
      - Windows-Azure-Blob/1.0 Microsoft-HTTPAPI/2.0
      X-Ms-Access-Tier:
      - Hot
      X-Ms-Access-Tier-Inferred:
      - "true"
      X-Ms-Blob-Type:
      - BlockBlob
      X-Ms-Creation-Time:
      - Tue, 12 Jul 2022 07:36:25 GMT
      X-Ms-Encryption-Key-Sha256:
      - 3QFFFpRA5+XANHqwwbT4yXDmrT/2JaLt/FKHjzhOdoE=
      X-Ms-Is-Current-Version:
      - "true"
      X-Ms-Lease-State:
      - available
      X-Ms-Lease-Status:
      - unlocked
      X-Ms-Meta-Foo:
      - bar
      X-Ms-Request-Id:
      - 288e4510-401e-0080-0fc2-95707e000000
      X-Ms-Server-Encrypted:
      - "true"
      X-Ms-Version:
      - "2020-10-02"
      X-Ms-Version-Id:
      - "2022-07-12T07:36:26.4426840Z"
    status: 200 OK
    code: 200
    duration: ""
- request:
    body: ""
    form: {}
    headers:
      Accept:
      - application/xml
      Authorization:
      - sanitized
      User-Agent:
      - azsdk-go-azblob/v0.5.0 (go1.18.1; Windows_NT)
      X-Ms-Date:
      - Tue, 12 Jul 2022 07:36:27 GMT
      x-ms-encryption-algorithm:
      - AES256
      x-ms-encryption-key:
      - MDEyMzQ1NjcwMTIzNDU2NzAxMjM0NTY3MDEyMzQ1Njc=
      x-ms-encryption-key-sha256:
      - 3QFFFpRA5+XANHqwwbT4yXDmrT/2JaLt/FKHjzhOdoE=
      x-ms-version:
      - "2020-10-02"
    url: https://azureblobstoragecanada.blob.core.windows.net/gocgetsetblobmetadatawithcpk01/gotestblobgetsetblobmetadatawithcpk?comp=metadata
    method: PUT
  response:
    body: ""
    headers:
      Content-Length:
      - "0"
      Date:
      - Tue, 12 Jul 2022 07:36:26 GMT
      Etag:
      - '"0x8DA63D93ACF6F40"'
      Last-Modified:
      - Tue, 12 Jul 2022 07:36:27 GMT
      Server:
      - Windows-Azure-Blob/1.0 Microsoft-HTTPAPI/2.0
      X-Ms-Encryption-Key-Sha256:
      - 3QFFFpRA5+XANHqwwbT4yXDmrT/2JaLt/FKHjzhOdoE=
      X-Ms-Request-Id:
      - 288e4646-401e-0080-0cc2-95707e000000
      X-Ms-Request-Server-Encrypted:
      - "true"
      X-Ms-Version:
      - "2020-10-02"
      X-Ms-Version-Id:
      - "2022-07-12T07:36:27.2082512Z"
    status: 200 OK
    code: 200
    duration: ""
- request:
    body: ""
    form: {}
    headers:
      Accept:
      - application/xml
      Authorization:
      - sanitized
      User-Agent:
      - azsdk-go-azblob/v0.5.0 (go1.18.1; Windows_NT)
      X-Ms-Date:
      - Tue, 12 Jul 2022 07:36:27 GMT
      x-ms-encryption-algorithm:
      - AES256
      x-ms-encryption-key:
      - MDEyMzQ1NjcwMTIzNDU2NzAxMjM0NTY3MDEyMzQ1Njc=
      x-ms-encryption-key-sha256:
      - 3QFFFpRA5+XANHqwwbT4yXDmrT/2JaLt/FKHjzhOdoE=
      x-ms-version:
      - "2020-10-02"
    url: https://azureblobstoragecanada.blob.core.windows.net/gocgetsetblobmetadatawithcpk01/gotestblobgetsetblobmetadatawithcpk
    method: HEAD
  response:
    body: ""
    headers:
      Accept-Ranges:
      - bytes
      Content-Length:
      - "15"
      Content-Md5:
      - ebncwguMQu9sgPmr0GazhA==
      Content-Type:
      - application/octet-stream
      Date:
      - Tue, 12 Jul 2022 07:36:26 GMT
      Etag:
      - '"0x8DA63D93ACF6F40"'
      Last-Modified:
      - Tue, 12 Jul 2022 07:36:27 GMT
      Server:
      - Windows-Azure-Blob/1.0 Microsoft-HTTPAPI/2.0
      X-Ms-Access-Tier:
      - Hot
      X-Ms-Access-Tier-Inferred:
      - "true"
      X-Ms-Blob-Type:
      - BlockBlob
      X-Ms-Creation-Time:
      - Tue, 12 Jul 2022 07:36:25 GMT
      X-Ms-Encryption-Key-Sha256:
      - 3QFFFpRA5+XANHqwwbT4yXDmrT/2JaLt/FKHjzhOdoE=
      X-Ms-Is-Current-Version:
      - "true"
      X-Ms-Lease-State:
      - available
      X-Ms-Lease-Status:
      - unlocked
      X-Ms-Request-Id:
      - 288e4739-401e-0080-59c2-95707e000000
      X-Ms-Server-Encrypted:
      - "true"
      X-Ms-Version:
      - "2020-10-02"
      X-Ms-Version-Id:
      - "2022-07-12T07:36:27.2082512Z"
    status: 200 OK
    code: 200
    duration: ""
- request:
    body: ""
    form: {}
    headers:
      Accept:
      - application/xml
      Authorization:
      - sanitized
      User-Agent:
      - azsdk-go-azblob/v0.5.0 (go1.18.1; Windows_NT)
      X-Ms-Date:
      - Tue, 12 Jul 2022 07:36:27 GMT
      x-ms-version:
      - "2020-10-02"
    url: https://azureblobstoragecanada.blob.core.windows.net/gocgetsetblobmetadatawithcpk01?restype=container
    method: DELETE
  response:
    body: ""
    headers:
      Content-Length:
      - "0"
      Date:
      - Tue, 12 Jul 2022 07:36:27 GMT
      Server:
      - Windows-Azure-Blob/1.0 Microsoft-HTTPAPI/2.0
      X-Ms-Request-Id:
      - 288e4859-401e-0080-63c2-95707e000000
      X-Ms-Version:
      - "2020-10-02"
    status: 202 Accepted
    code: 202
    duration: ""
