---
version: 1
interactions:
- request:
    body: ""
    form: {}
    headers:
      Accept:
      - application/xml
      Authorization:
      - sanitized
      User-Agent:
      - azsdk-go-azblob/v0.5.0 (go1.18.1; Windows_NT)
      X-Ms-Date:
      - Mon, 04 Jul 2022 10:34:57 GMT
      x-ms-blob-public-access:
      - blob
      x-ms-meta-Foo:
      - bar
      x-ms-version:
      - "2020-10-02"
    url: https://azureblobstoragecanada.blob.core.windows.net/goccontainersetmetadatanil?restype=container
    method: PUT
  response:
    body: ""
    headers:
      Content-Length:
      - "0"
      Date:
      - Mon, 04 Jul 2022 10:34:55 GMT
      Etag:
      - '"0x8DA5DA8D6751818"'
      Last-Modified:
      - Mon, 04 Jul 2022 10:34:56 GMT
      Server:
      - Windows-Azure-Blob/1.0 Microsoft-HTTPAPI/2.0
      X-Ms-Request-Id:
      - 32e5dff1-701e-001d-3791-8f82c4000000
      X-Ms-Version:
      - "2020-10-02"
    status: 201 Created
    code: 201
    duration: ""
- request:
    body: ""
    form: {}
    headers:
      Accept:
      - application/xml
      Authorization:
      - sanitized
      User-Agent:
      - azsdk-go-azblob/v0.5.0 (go1.18.1; Windows_NT)
      X-Ms-Date:
      - Mon, 04 Jul 2022 10:34:58 GMT
      x-ms-version:
      - "2020-10-02"
    url: https://azureblobstoragecanada.blob.core.windows.net/goccontainersetmetadatanil?comp=metadata&restype=container
    method: PUT
  response:
    body: ""
    headers:
      Content-Length:
      - "0"
      Date:
      - Mon, 04 Jul 2022 10:34:55 GMT
      Etag:
      - '"0x8DA5DA8D6A3067B"'
      Last-Modified:
      - Mon, 04 Jul 2022 10:34:56 GMT
      Server:
      - Windows-Azure-Blob/1.0 Microsoft-HTTPAPI/2.0
      X-Ms-Request-Id:
      - 32e5e130-701e-001d-5d91-8f82c4000000
      X-Ms-Version:
      - "2020-10-02"
    status: 200 OK
    code: 200
    duration: ""
- request:
    body: ""
    form: {}
    headers:
      Accept:
      - application/xml
      Authorization:
      - sanitized
      User-Agent:
      - azsdk-go-azblob/v0.5.0 (go1.18.1; Windows_NT)
      X-Ms-Date:
      - Mon, 04 Jul 2022 10:34:58 GMT
      x-ms-version:
      - "2020-10-02"
    url: https://azureblobstoragecanada.blob.core.windows.net/goccontainersetmetadatanil?restype=container
    method: GET
  response:
    body: ""
    headers:
      Content-Length:
      - "0"
      Date:
      - Mon, 04 Jul 2022 10:34:56 GMT
      Etag:
      - '"0x8DA5DA8D6A3067B"'
      Last-Modified:
      - Mon, 04 Jul 2022 10:34:56 GMT
      Server:
      - Windows-Azure-Blob/1.0 Microsoft-HTTPAPI/2.0
      X-Ms-Blob-Public-Access:
      - blob
      X-Ms-Default-Encryption-Scope:
      - $account-encryption-key
      X-Ms-Deny-Encryption-Scope-Override:
      - "false"
      X-Ms-Has-Immutability-Policy:
      - "false"
      X-Ms-Has-Legal-Hold:
      - "false"
      X-Ms-Immutable-Storage-With-Versioning-Enabled:
      - "false"
      X-Ms-Lease-State:
      - available
      X-Ms-Lease-Status:
      - unlocked
      X-Ms-Request-Id:
      - 32e5e283-701e-001d-1691-8f82c4000000
      X-Ms-Version:
      - "2020-10-02"
    status: 200 OK
    code: 200
    duration: ""
- request:
    body: ""
    form: {}
    headers:
      Accept:
      - application/xml
      Authorization:
      - sanitized
      User-Agent:
      - azsdk-go-azblob/v0.5.0 (go1.18.1; Windows_NT)
      X-Ms-Date:
      - Mon, 04 Jul 2022 10:34:58 GMT
      x-ms-version:
      - "2020-10-02"
    url: https://azureblobstoragecanada.blob.core.windows.net/goccontainersetmetadatanil?restype=container
    method: DELETE
  response:
    body: ""
    headers:
      Content-Length:
      - "0"
      Date:
      - Mon, 04 Jul 2022 10:34:56 GMT
      Server:
      - Windows-Azure-Blob/1.0 Microsoft-HTTPAPI/2.0
      X-Ms-Request-Id:
      - 32e5e3b6-701e-001d-2f91-8f82c4000000
      X-Ms-Version:
      - "2020-10-02"
    status: 202 Accepted
    code: 202
    duration: ""
