---
version: 1
interactions:
- request:
    body: ""
    form: {}
    headers:
      Accept:
      - application/xml
      Authorization:
      - sanitized
      User-Agent:
      - azsdk-go-azblob/v0.5.0 (go1.18.1; Windows_NT)
      X-Ms-Date:
      - Tue, 05 Jul 2022 09:41:38 GMT
      x-ms-version:
      - "2020-10-02"
    url: https://azureblobstoragecanada.blob.core.windows.net/gocblobcreateappendmetadatanonempty?restype=container
    method: PUT
  response:
    body: ""
    headers:
      Content-Length:
      - "0"
      Date:
      - Tue, 05 Jul 2022 09:41:37 GMT
      Etag:
      - '"0x8DA5E6A8E7FA068"'
      Last-Modified:
      - Tue, 05 Jul 2022 09:41:37 GMT
      Server:
      - Windows-Azure-Blob/1.0 Microsoft-HTTPAPI/2.0
      X-Ms-Request-Id:
      - cdbffb10-c01e-007a-4353-909238000000
      X-Ms-Version:
      - "2020-10-02"
    status: 201 Created
    code: 201
    duration: ""
- request:
    body: ""
    form: {}
    headers:
      Accept:
      - application/xml
      Authorization:
      - sanitized
      Content-Length:
      - "0"
      User-Agent:
      - azsdk-go-azblob/v0.5.0 (go1.18.1; Windows_NT)
      X-Ms-Date:
      - Tue, 05 Jul 2022 09:41:38 GMT
      x-ms-blob-type:
      - AppendBlob
      x-ms-meta-Foo:
      - bar
      x-ms-version:
      - "2020-10-02"
    url: https://azureblobstoragecanada.blob.core.windows.net/gocblobcreateappendmetadatanonempty/gotestblobblobcreateappendmetadatanonempty
    method: PUT
  response:
    body: ""
    headers:
      Content-Length:
      - "0"
      Date:
      - Tue, 05 Jul 2022 09:41:37 GMT
      Etag:
      - '"0x8DA5E6A8EAE29B8"'
      Last-Modified:
      - Tue, 05 Jul 2022 09:41:37 GMT
      Server:
      - Windows-Azure-Blob/1.0 Microsoft-HTTPAPI/2.0
      X-Ms-Request-Id:
      - cdbffd16-c01e-007a-2053-909238000000
      X-Ms-Request-Server-Encrypted:
      - "true"
      X-Ms-Version:
      - "2020-10-02"
      X-Ms-Version-Id:
      - "2022-07-05T09:41:37.9669432Z"
    status: 201 Created
    code: 201
    duration: ""
- request:
    body: ""
    form: {}
    headers:
      Accept:
      - application/xml
      Authorization:
      - sanitized
      User-Agent:
      - azsdk-go-azblob/v0.5.0 (go1.18.1; Windows_NT)
      X-Ms-Date:
      - Tue, 05 Jul 2022 09:41:38 GMT
      x-ms-version:
      - "2020-10-02"
    url: https://azureblobstoragecanada.blob.core.windows.net/gocblobcreateappendmetadatanonempty/gotestblobblobcreateappendmetadatanonempty
    method: HEAD
  response:
    body: ""
    headers:
      Accept-Ranges:
      - bytes
      Content-Length:
      - "0"
      Content-Type:
      - application/octet-stream
      Date:
      - Tue, 05 Jul 2022 09:41:37 GMT
      Etag:
      - '"0x8DA5E6A8EAE29B8"'
      Last-Modified:
      - Tue, 05 Jul 2022 09:41:37 GMT
      Server:
      - Windows-Azure-Blob/1.0 Microsoft-HTTPAPI/2.0
      X-Ms-Blob-Committed-Block-Count:
      - "0"
      X-Ms-Blob-Type:
      - AppendBlob
      X-Ms-Creation-Time:
      - Tue, 05 Jul 2022 09:41:37 GMT
      X-Ms-Is-Current-Version:
      - "true"
      X-Ms-Lease-State:
      - available
      X-Ms-Lease-Status:
      - unlocked
      X-Ms-Meta-Foo:
      - bar
      X-Ms-Request-Id:
      - cdbfff50-c01e-007a-3653-909238000000
      X-Ms-Server-Encrypted:
      - "true"
      X-Ms-Version:
      - "2020-10-02"
      X-Ms-Version-Id:
      - "2022-07-05T09:41:37.9669432Z"
    status: 200 OK
    code: 200
    duration: ""
- request:
    body: ""
    form: {}
    headers:
      Accept:
      - application/xml
      Authorization:
      - sanitized
      User-Agent:
      - azsdk-go-azblob/v0.5.0 (go1.18.1; Windows_NT)
      X-Ms-Date:
      - Tue, 05 Jul 2022 09:41:39 GMT
      x-ms-version:
      - "2020-10-02"
    url: https://azureblobstoragecanada.blob.core.windows.net/gocblobcreateappendmetadatanonempty?restype=container
    method: DELETE
  response:
    body: ""
    headers:
      Content-Length:
      - "0"
      Date:
      - Tue, 05 Jul 2022 09:41:38 GMT
      Server:
      - Windows-Azure-Blob/1.0 Microsoft-HTTPAPI/2.0
      X-Ms-Request-Id:
      - cdc00147-c01e-007a-1853-909238000000
      X-Ms-Version:
      - "2020-10-02"
    status: 202 Accepted
    code: 202
    duration: ""
