---
version: 1
interactions:
- request:
    body: ""
    form: {}
    headers:
      Accept:
      - application/xml
      Authorization:
      - sanitized
      User-Agent:
      - azsdk-go-azblob/v0.5.0 (go1.18.1; Windows_NT)
      X-Ms-Date:
      - Thu, 21 Jul 2022 18:05:33 GMT
      x-ms-version:
      - "2020-10-02"
    url: https://azureblobstoragecanada.blob.core.windows.net/gocblobappendblockifunmodifiedsincetrue?restype=container
    method: PUT
  response:
    body: ""
    headers:
      Content-Length:
      - "0"
      Date:
      - Thu, 21 Jul 2022 18:05:32 GMT
      Etag:
      - '"0x8DA6B439AF5F257"'
      Last-Modified:
      - Thu, 21 Jul 2022 18:05:33 GMT
      Server:
      - Windows-Azure-Blob/1.0 Microsoft-HTTPAPI/2.0
      X-Ms-Request-Id:
      - 2049f973-601e-005c-802c-9dda20000000
      X-Ms-Version:
      - "2020-10-02"
    status: 201 Created
    code: 201
    duration: ""
- request:
    body: ""
    form: {}
    headers:
      Accept:
      - application/xml
      Authorization:
      - sanitized
      Content-Length:
      - "0"
      User-Agent:
      - azsdk-go-azblob/v0.5.0 (go1.18.1; Windows_NT)
      X-Ms-Date:
      - Thu, 21 Jul 2022 18:05:33 GMT
      x-ms-blob-type:
      - AppendBlob
      x-ms-version:
      - "2020-10-02"
    url: https://azureblobstoragecanada.blob.core.windows.net/gocblobappendblockifunmodifiedsincetrue/gotestblobblobappendblockifunmodifiedsincetrue
    method: PUT
  response:
    body: ""
    headers:
      Content-Length:
      - "0"
      Date:
      - Thu, 21 Jul 2022 18:05:32 GMT
      Etag:
      - '"0x8DA6B439B235B88"'
      Last-Modified:
      - Thu, 21 Jul 2022 18:05:33 GMT
      Server:
      - Windows-Azure-Blob/1.0 Microsoft-HTTPAPI/2.0
      X-Ms-Request-Id:
      - 2049fb0a-601e-005c-802c-9dda20000000
      X-Ms-Request-Server-Encrypted:
      - "true"
      X-Ms-Version:
      - "2020-10-02"
      X-Ms-Version-Id:
      - "2022-07-21T18:05:33.6123032Z"
    status: 201 Created
    code: 201
    duration: ""
- request:
    body: GoBlockBlobData
    form: {}
    headers:
      Accept:
      - application/xml
      Authorization:
      - sanitized
      Content-Length:
      - "15"
      Content-Type:
      - application/octet-stream
      If-Unmodified-Since:
      - Thu, 21 Jul 2022 18:05:42 GMT
      User-Agent:
      - azsdk-go-azblob/v0.5.0 (go1.18.1; Windows_NT)
      X-Ms-Date:
      - Thu, 21 Jul 2022 18:05:34 GMT
      x-ms-version:
      - "2020-10-02"
    url: https://azureblobstoragecanada.blob.core.windows.net/gocblobappendblockifunmodifiedsincetrue/gotestblobblobappendblockifunmodifiedsincetrue?comp=appendblock
    method: PUT
  response:
    body: ""
    headers:
      Content-Length:
      - "0"
      Date:
      - Thu, 21 Jul 2022 18:05:33 GMT
      Etag:
      - '"0x8DA6B439B5205E3"'
      Last-Modified:
      - Thu, 21 Jul 2022 18:05:33 GMT
      Server:
      - Windows-Azure-Blob/1.0 Microsoft-HTTPAPI/2.0
      X-Ms-Blob-Append-Offset:
      - "0"
      X-Ms-Blob-Committed-Block-Count:
      - "1"
      X-Ms-Content-Crc64:
      - +JGsS7CR5kg=
      X-Ms-Request-Id:
      - 2049fcba-601e-005c-172c-9dda20000000
      X-Ms-Request-Server-Encrypted:
      - "true"
      X-Ms-Version:
      - "2020-10-02"
    status: 201 Created
    code: 201
    duration: ""
- request:
    body: ""
    form: {}
    headers:
      Accept:
      - application/xml
      Authorization:
      - sanitized
      User-Agent:
      - azsdk-go-azblob/v0.5.0 (go1.18.1; Windows_NT)
      X-Ms-Date:
      - Thu, 21 Jul 2022 18:05:34 GMT
      x-ms-version:
      - "2020-10-02"
    url: https://azureblobstoragecanada.blob.core.windows.net/gocblobappendblockifunmodifiedsincetrue/gotestblobblobappendblockifunmodifiedsincetrue
    method: HEAD
  response:
    body: ""
    headers:
      Accept-Ranges:
      - bytes
      Content-Length:
      - "15"
      Content-Type:
      - application/octet-stream
      Date:
      - Thu, 21 Jul 2022 18:05:33 GMT
      Etag:
      - '"0x8DA6B439B5205E3"'
      Last-Modified:
      - Thu, 21 Jul 2022 18:05:33 GMT
      Server:
      - Windows-Azure-Blob/1.0 Microsoft-HTTPAPI/2.0
      X-Ms-Blob-Committed-Block-Count:
      - "1"
      X-Ms-Blob-Type:
      - AppendBlob
      X-Ms-Creation-Time:
      - Thu, 21 Jul 2022 18:05:33 GMT
      X-Ms-Is-Current-Version:
      - "true"
      X-Ms-Lease-State:
      - available
      X-Ms-Lease-Status:
      - unlocked
      X-Ms-Request-Id:
      - 2049fe62-601e-005c-1c2c-9dda20000000
      X-Ms-Server-Encrypted:
      - "true"
      X-Ms-Version:
      - "2020-10-02"
      X-Ms-Version-Id:
      - "2022-07-21T18:05:33.6123032Z"
    status: 200 OK
    code: 200
    duration: ""
- request:
    body: ""
    form: {}
    headers:
      Accept:
      - application/xml
      Authorization:
      - sanitized
      User-Agent:
      - azsdk-go-azblob/v0.5.0 (go1.18.1; Windows_NT)
      X-Ms-Date:
      - Thu, 21 Jul 2022 18:05:34 GMT
      x-ms-version:
      - "2020-10-02"
    url: https://azureblobstoragecanada.blob.core.windows.net/gocblobappendblockifunmodifiedsincetrue?restype=container
    method: DELETE
  response:
    body: ""
    headers:
      Content-Length:
      - "0"
      Date:
      - Thu, 21 Jul 2022 18:05:33 GMT
      Server:
      - Windows-Azure-Blob/1.0 Microsoft-HTTPAPI/2.0
      X-Ms-Request-Id:
      - 204a0000-601e-005c-182c-9dda20000000
      X-Ms-Version:
      - "2020-10-02"
    status: 202 Accepted
    code: 202
    duration: ""
