---
version: 1
interactions:
- request:
    body: ""
    form: {}
    headers:
      Accept:
      - application/xml
      Authorization:
      - sanitized
      User-Agent:
      - azsdk-go-azblob/v0.5.0 (go1.18.1; Windows_NT)
      X-Ms-Date:
      - Tue, 12 Jul 2022 07:34:39 GMT
      x-ms-version:
      - "2020-10-02"
    url: https://azureblobstoragecanada.blob.core.windows.net/gocblobsetsequencenumberifmodifiedsincetrue?restype=container
    method: PUT
  response:
    body: ""
    headers:
      Content-Length:
      - "0"
      Date:
      - Tue, 12 Jul 2022 07:34:39 GMT
      Etag:
      - '"0x8DA63D8FAA62095"'
      Last-Modified:
      - Tue, 12 Jul 2022 07:34:39 GMT
      Server:
      - Windows-Azure-Blob/1.0 Microsoft-HTTPAPI/2.0
      X-Ms-Request-Id:
      - 288bd53f-401e-0080-49c1-95707e000000
      X-Ms-Version:
      - "2020-10-02"
    status: 201 Created
    code: 201
    duration: ""
- request:
    body: ""
    form: {}
    headers:
      Accept:
      - application/xml
      Authorization:
      - sanitized
      Content-Length:
      - "0"
      User-Agent:
      - azsdk-go-azblob/v0.5.0 (go1.18.1; Windows_NT)
      X-Ms-Date:
      - Tue, 12 Jul 2022 07:34:39 GMT
      x-ms-blob-content-length:
      - "5120"
      x-ms-blob-type:
      - PageBlob
      x-ms-version:
      - "2020-10-02"
    url: https://azureblobstoragecanada.blob.core.windows.net/gocblobsetsequencenumberifmodifiedsincetrue/gotestblobblobsetsequencenumberifmodifiedsincetrue
    method: PUT
  response:
    body: ""
    headers:
      Content-Length:
      - "0"
      Date:
      - Tue, 12 Jul 2022 07:34:39 GMT
      Etag:
      - '"0x8DA63D8FACDB874"'
      Last-Modified:
      - Tue, 12 Jul 2022 07:34:39 GMT
      Server:
      - Windows-Azure-Blob/1.0 Microsoft-HTTPAPI/2.0
      X-Ms-Request-Id:
      - 288bd6a5-401e-0080-12c1-95707e000000
      X-Ms-Request-Server-Encrypted:
      - "true"
      X-Ms-Version:
      - "2020-10-02"
      X-Ms-Version-Id:
      - "2022-07-12T07:34:39.8218356Z"
    status: 201 Created
    code: 201
    duration: ""
- request:
    body: ""
    form: {}
    headers:
      Accept:
      - application/xml
      Authorization:
      - sanitized
      If-Modified-Since:
      - Tue, 12 Jul 2022 07:34:29 GMT
      User-Agent:
      - azsdk-go-azblob/v0.5.0 (go1.18.1; Windows_NT)
      X-Ms-Date:
      - Tue, 12 Jul 2022 07:34:40 GMT
      x-ms-sequence-number-action:
      - increment
      x-ms-version:
      - "2020-10-02"
    url: https://azureblobstoragecanada.blob.core.windows.net/gocblobsetsequencenumberifmodifiedsincetrue/gotestblobblobsetsequencenumberifmodifiedsincetrue?comp=properties
    method: PUT
  response:
    body: ""
    headers:
      Content-Length:
      - "0"
      Date:
      - Tue, 12 Jul 2022 07:34:39 GMT
      Etag:
      - '"0x8DA63D8FAF4E9D4"'
      Last-Modified:
      - Tue, 12 Jul 2022 07:34:40 GMT
      Server:
      - Windows-Azure-Blob/1.0 Microsoft-HTTPAPI/2.0
      X-Ms-Blob-Sequence-Number:
      - "1"
      X-Ms-Request-Id:
      - 288bd81c-401e-0080-70c1-95707e000000
      X-Ms-Version:
      - "2020-10-02"
    status: 200 OK
    code: 200
    duration: ""
- request:
    body: ""
    form: {}
    headers:
      Accept:
      - application/xml
      Authorization:
      - sanitized
      User-Agent:
      - azsdk-go-azblob/v0.5.0 (go1.18.1; Windows_NT)
      X-Ms-Date:
      - Tue, 12 Jul 2022 07:34:40 GMT
      x-ms-version:
      - "2020-10-02"
    url: https://azureblobstoragecanada.blob.core.windows.net/gocblobsetsequencenumberifmodifiedsincetrue/gotestblobblobsetsequencenumberifmodifiedsincetrue
    method: HEAD
  response:
    body: ""
    headers:
      Accept-Ranges:
      - bytes
      Content-Length:
      - "5120"
      Content-Type:
      - application/octet-stream
      Date:
      - Tue, 12 Jul 2022 07:34:39 GMT
      Etag:
      - '"0x8DA63D8FAF4E9D4"'
      Last-Modified:
      - Tue, 12 Jul 2022 07:34:40 GMT
      Server:
      - Windows-Azure-Blob/1.0 Microsoft-HTTPAPI/2.0
      X-Ms-Blob-Sequence-Number:
      - "1"
      X-Ms-Blob-Type:
      - PageBlob
      X-Ms-Creation-Time:
      - Tue, 12 Jul 2022 07:34:39 GMT
      X-Ms-Is-Current-Version:
      - "true"
      X-Ms-Lease-State:
      - available
      X-Ms-Lease-Status:
      - unlocked
      X-Ms-Request-Id:
      - 288bd9b7-401e-0080-65c1-95707e000000
      X-Ms-Server-Encrypted:
      - "true"
      X-Ms-Version:
      - "2020-10-02"
      X-Ms-Version-Id:
      - "2022-07-12T07:34:39.8218356Z"
    status: 200 OK
    code: 200
    duration: ""
- request:
    body: ""
    form: {}
    headers:
      Accept:
      - application/xml
      Authorization:
      - sanitized
      User-Agent:
      - azsdk-go-azblob/v0.5.0 (go1.18.1; Windows_NT)
      X-Ms-Date:
      - Tue, 12 Jul 2022 07:34:40 GMT
      x-ms-version:
      - "2020-10-02"
    url: https://azureblobstoragecanada.blob.core.windows.net/gocblobsetsequencenumberifmodifiedsincetrue?restype=container
    method: DELETE
  response:
    body: ""
    headers:
      Content-Length:
      - "0"
      Date:
      - Tue, 12 Jul 2022 07:34:40 GMT
      Server:
      - Windows-Azure-Blob/1.0 Microsoft-HTTPAPI/2.0
      X-Ms-Request-Id:
      - 288bdb4a-401e-0080-4ac1-95707e000000
      X-Ms-Version:
      - "2020-10-02"
    status: 202 Accepted
    code: 202
    duration: ""
