---
version: 1
interactions:
- request:
    body: ""
    form: {}
    headers:
      Accept:
      - application/xml
      Authorization:
      - sanitized
      User-Agent:
      - azsdk-go-azblob/v0.5.0 (go1.18.1; Windows_NT)
      X-Ms-Date:
      - Tue, 12 Jul 2022 07:33:08 GMT
      x-ms-version:
      - "2020-10-02"
    url: https://azureblobstoragecanada.blob.core.windows.net/gocblobgetpagerangesifnonematchfalse?restype=container
    method: PUT
  response:
    body: ""
    headers:
      Content-Length:
      - "0"
      Date:
      - Tue, 12 Jul 2022 07:33:08 GMT
      Etag:
      - '"0x8DA63D8C499EC13"'
      Last-Modified:
      - Tue, 12 Jul 2022 07:33:08 GMT
      Server:
      - Windows-Azure-Blob/1.0 Microsoft-HTTPAPI/2.0
      X-Ms-Request-Id:
      - 2889db39-401e-0080-57c1-95707e000000
      X-Ms-Version:
      - "2020-10-02"
    status: 201 Created
    code: 201
    duration: ""
- request:
    body: ""
    form: {}
    headers:
      Accept:
      - application/xml
      Authorization:
      - sanitized
      Content-Length:
      - "0"
      User-Agent:
      - azsdk-go-azblob/v0.5.0 (go1.18.1; Windows_NT)
      X-Ms-Date:
      - Tue, 12 Jul 2022 07:33:09 GMT
      x-ms-blob-content-length:
      - "5120"
      x-ms-blob-type:
      - PageBlob
      x-ms-version:
      - "2020-10-02"
    url: https://azureblobstoragecanada.blob.core.windows.net/gocblobgetpagerangesifnonematchfalse/gotestblobblobgetpagerangesifnonematchfalse
    method: PUT
  response:
    body: ""
    headers:
      Content-Length:
      - "0"
      Date:
      - Tue, 12 Jul 2022 07:33:08 GMT
      Etag:
      - '"0x8DA63D8C4C112FE"'
      Last-Modified:
      - Tue, 12 Jul 2022 07:33:09 GMT
      Server:
      - Windows-Azure-Blob/1.0 Microsoft-HTTPAPI/2.0
      X-Ms-Request-Id:
      - 2889dc90-401e-0080-08c1-95707e000000
      X-Ms-Request-Server-Encrypted:
      - "true"
      X-Ms-Version:
      - "2020-10-02"
      X-Ms-Version-Id:
      - "2022-07-12T07:33:09.1419902Z"
    status: 201 Created
    code: 201
    duration: ""
- request:
    body: 2SDgZj6RkKYzJpu04sweQek4uWHO8ndPnYlZ0tnFS61hjnFZ5IkvIGGY44eKABov2SDgZj6RkKYzJpu04sweQek4uWHO8ndPnYlZ0tnFS61hjnFZ5IkvIGGY44eKABov2SDgZj6RkKYzJpu04sweQek4uWHO8ndPnYlZ0tnFS61hjnFZ5IkvIGGY44eKABov2SDgZj6RkKYzJpu04sweQek4uWHO8ndPnYlZ0tnFS61hjnFZ5IkvIGGY44eKABov2SDgZj6RkKYzJpu04sweQek4uWHO8ndPnYlZ0tnFS61hjnFZ5IkvIGGY44eKABov2SDgZj6RkKYzJpu04sweQek4uWHO8ndPnYlZ0tnFS61hjnFZ5IkvIGGY44eKABov2SDgZj6RkKYzJpu04sweQek4uWHO8ndPnYlZ0tnFS61hjnFZ5IkvIGGY44eKABov2SDgZj6RkKYzJpu04sweQek4uWHO8ndPnYlZ0tnFS61hjnFZ5IkvIGGY44eKABov
    form: {}
    headers:
      Accept:
      - application/xml
      Authorization:
      - sanitized
      Content-Length:
      - "512"
      Content-Type:
      - application/octet-stream
      User-Agent:
      - azsdk-go-azblob/v0.5.0 (go1.18.1; Windows_NT)
      X-Ms-Date:
      - Tue, 12 Jul 2022 07:33:09 GMT
      x-ms-page-write:
      - update
      x-ms-range:
      - bytes=0-511
      x-ms-version:
      - "2020-10-02"
    url: https://azureblobstoragecanada.blob.core.windows.net/gocblobgetpagerangesifnonematchfalse/gotestblobblobgetpagerangesifnonematchfalse?comp=page
    method: PUT
  response:
    body: ""
    headers:
      Content-Length:
      - "0"
      Date:
      - Tue, 12 Jul 2022 07:33:09 GMT
      Etag:
      - '"0x8DA63D8C4EB2A35"'
      Last-Modified:
      - Tue, 12 Jul 2022 07:33:09 GMT
      Server:
      - Windows-Azure-Blob/1.0 Microsoft-HTTPAPI/2.0
      X-Ms-Blob-Sequence-Number:
      - "0"
      X-Ms-Content-Crc64:
      - qaHtT3LwL1s=
      X-Ms-Request-Id:
      - 2889de21-401e-0080-03c1-95707e000000
      X-Ms-Request-Server-Encrypted:
      - "true"
      X-Ms-Version:
      - "2020-10-02"
    status: 201 Created
    code: 201
    duration: ""
- request:
    body: ""
    form: {}
    headers:
      Accept:
      - application/xml
      Authorization:
      - sanitized
      User-Agent:
      - azsdk-go-azblob/v0.5.0 (go1.18.1; Windows_NT)
      X-Ms-Date:
      - Tue, 12 Jul 2022 07:33:09 GMT
      x-ms-version:
      - "2020-10-02"
    url: https://azureblobstoragecanada.blob.core.windows.net/gocblobgetpagerangesifnonematchfalse/gotestblobblobgetpagerangesifnonematchfalse
    method: HEAD
  response:
    body: ""
    headers:
      Accept-Ranges:
      - bytes
      Content-Length:
      - "5120"
      Content-Type:
      - application/octet-stream
      Date:
      - Tue, 12 Jul 2022 07:33:09 GMT
      Etag:
      - '"0x8DA63D8C4EB2A35"'
      Last-Modified:
      - Tue, 12 Jul 2022 07:33:09 GMT
      Server:
      - Windows-Azure-Blob/1.0 Microsoft-HTTPAPI/2.0
      X-Ms-Blob-Sequence-Number:
      - "0"
      X-Ms-Blob-Type:
      - PageBlob
      X-Ms-Creation-Time:
      - Tue, 12 Jul 2022 07:33:09 GMT
      X-Ms-Is-Current-Version:
      - "true"
      X-Ms-Lease-State:
      - available
      X-Ms-Lease-Status:
      - unlocked
      X-Ms-Request-Id:
      - 2889dff1-401e-0080-29c1-95707e000000
      X-Ms-Server-Encrypted:
      - "true"
      X-Ms-Version:
      - "2020-10-02"
      X-Ms-Version-Id:
      - "2022-07-12T07:33:09.1419902Z"
    status: 200 OK
    code: 200
    duration: ""
- request:
    body: ""
    form: {}
    headers:
      Accept:
      - application/xml
      Authorization:
      - sanitized
      If-None-Match:
      - '"0x8DA63D8C4EB2A35"'
      User-Agent:
      - azsdk-go-azblob/v0.5.0 (go1.18.1; Windows_NT)
      X-Ms-Date:
      - Tue, 12 Jul 2022 07:33:10 GMT
      x-ms-version:
      - "2020-10-02"
    url: https://azureblobstoragecanada.blob.core.windows.net/gocblobgetpagerangesifnonematchfalse/gotestblobblobgetpagerangesifnonematchfalse?comp=pagelist
    method: GET
  response:
    body: ""
    headers:
      Date:
      - Tue, 12 Jul 2022 07:33:09 GMT
      Server:
      - Windows-Azure-Blob/1.0 Microsoft-HTTPAPI/2.0
      X-Ms-Error-Code:
      - ConditionNotMet
      X-Ms-Request-Id:
      - 2889e1ca-401e-0080-32c1-95707e000000
      X-Ms-Version:
      - "2020-10-02"
    status: 304 The condition specified using HTTP conditional header(s) is not met.
    code: 304
    duration: ""
- request:
    body: ""
    form: {}
    headers:
      Accept:
      - application/xml
      Authorization:
      - sanitized
      User-Agent:
      - azsdk-go-azblob/v0.5.0 (go1.18.1; Windows_NT)
      X-Ms-Date:
      - Tue, 12 Jul 2022 07:33:10 GMT
      x-ms-version:
      - "2020-10-02"
    url: https://azureblobstoragecanada.blob.core.windows.net/gocblobgetpagerangesifnonematchfalse?restype=container
    method: DELETE
  response:
    body: ""
    headers:
      Content-Length:
      - "0"
      Date:
      - Tue, 12 Jul 2022 07:33:09 GMT
      Server:
      - Windows-Azure-Blob/1.0 Microsoft-HTTPAPI/2.0
      X-Ms-Request-Id:
      - 2889e3ee-401e-0080-11c1-95707e000000
      X-Ms-Version:
      - "2020-10-02"
    status: 202 Accepted
    code: 202
    duration: ""
