---
version: 1
interactions:
- request:
    body: ""
    form: {}
    headers:
      Accept:
      - application/xml
      Authorization:
      - sanitized
      User-Agent:
      - azsdk-go-azblob/v0.5.0 (go1.18.1; Windows_NT)
      X-Ms-Date:
      - Thu, 21 Jul 2022 10:38:39 GMT
      x-ms-version:
      - "2020-10-02"
    url: https://azureblobstoragecanada.blob.core.windows.net/gocblobcreateappendifnonematchtrue?restype=container
    method: PUT
  response:
    body: ""
    headers:
      Content-Length:
      - "0"
      Date:
      - Thu, 21 Jul 2022 10:38:39 GMT
      Etag:
      - '"0x8DA6B052CD9B081"'
      Last-Modified:
      - Thu, 21 Jul 2022 10:38:39 GMT
      Server:
      - Windows-Azure-Blob/1.0 Microsoft-HTTPAPI/2.0
      X-Ms-Request-Id:
      - 06a72dd4-601e-002e-2cee-9cdd6f000000
      X-Ms-Version:
      - "2020-10-02"
    status: 201 Created
    code: 201
    duration: ""
- request:
    body: ""
    form: {}
    headers:
      Accept:
      - application/xml
      Authorization:
      - sanitized
      Content-Length:
      - "0"
      User-Agent:
      - azsdk-go-azblob/v0.5.0 (go1.18.1; Windows_NT)
      X-Ms-Date:
      - Thu, 21 Jul 2022 10:38:40 GMT
      x-ms-blob-type:
      - AppendBlob
      x-ms-version:
      - "2020-10-02"
    url: https://azureblobstoragecanada.blob.core.windows.net/gocblobcreateappendifnonematchtrue/gotestblobblobcreateappendifnonematchtrue
    method: PUT
  response:
    body: ""
    headers:
      Content-Length:
      - "0"
      Date:
      - Thu, 21 Jul 2022 10:38:40 GMT
      Etag:
      - '"0x8DA6B052D0E73C4"'
      Last-Modified:
      - Thu, 21 Jul 2022 10:38:40 GMT
      Server:
      - Windows-Azure-Blob/1.0 Microsoft-HTTPAPI/2.0
      X-Ms-Request-Id:
      - 06a733e7-601e-002e-7fee-9cdd6f000000
      X-Ms-Request-Server-Encrypted:
      - "true"
      X-Ms-Version:
      - "2020-10-02"
      X-Ms-Version-Id:
      - "2022-07-21T10:38:40.1276868Z"
    status: 201 Created
    code: 201
    duration: ""
- request:
    body: ""
    form: {}
    headers:
      Accept:
      - application/xml
      Authorization:
      - sanitized
      Content-Length:
      - "0"
      If-None-Match:
      - garbage
      User-Agent:
      - azsdk-go-azblob/v0.5.0 (go1.18.1; Windows_NT)
      X-Ms-Date:
      - Thu, 21 Jul 2022 10:38:40 GMT
      x-ms-blob-cache-control:
      - control
      x-ms-blob-content-disposition:
      - my_disposition
      x-ms-blob-content-encoding:
      - my_encoding
      x-ms-blob-content-language:
      - my_language
      x-ms-blob-content-type:
      - my_type
      x-ms-blob-type:
      - AppendBlob
      x-ms-meta-Foo:
      - bar
      x-ms-version:
      - "2020-10-02"
    url: https://azureblobstoragecanada.blob.core.windows.net/gocblobcreateappendifnonematchtrue/gotestblobblobcreateappendifnonematchtrue
    method: PUT
  response:
    body: ""
    headers:
      Content-Length:
      - "0"
      Date:
      - Thu, 21 Jul 2022 10:38:40 GMT
      Etag:
      - '"0x8DA6B052D7B087B"'
      Last-Modified:
      - Thu, 21 Jul 2022 10:38:40 GMT
      Server:
      - Windows-Azure-Blob/1.0 Microsoft-HTTPAPI/2.0
      X-Ms-Request-Id:
      - 06a73a8e-601e-002e-75ee-9cdd6f000000
      X-Ms-Request-Server-Encrypted:
      - "true"
      X-Ms-Version:
      - "2020-10-02"
      X-Ms-Version-Id:
      - "2022-07-21T10:38:40.8402827Z"
    status: 201 Created
    code: 201
    duration: ""
- request:
    body: ""
    form: {}
    headers:
      Accept:
      - application/xml
      Authorization:
      - sanitized
      User-Agent:
      - azsdk-go-azblob/v0.5.0 (go1.18.1; Windows_NT)
      X-Ms-Date:
      - Thu, 21 Jul 2022 10:38:41 GMT
      x-ms-version:
      - "2020-10-02"
    url: https://azureblobstoragecanada.blob.core.windows.net/gocblobcreateappendifnonematchtrue/gotestblobblobcreateappendifnonematchtrue
    method: HEAD
  response:
    body: ""
    headers:
      Accept-Ranges:
      - bytes
      Cache-Control:
      - control
      Content-Disposition:
      - my_disposition
      Content-Encoding:
      - my_encoding
      Content-Language:
      - my_language
      Content-Length:
      - "0"
      Content-Type:
      - my_type
      Date:
      - Thu, 21 Jul 2022 10:38:41 GMT
      Etag:
      - '"0x8DA6B052D7B087B"'
      Last-Modified:
      - Thu, 21 Jul 2022 10:38:40 GMT
      Server:
      - Windows-Azure-Blob/1.0 Microsoft-HTTPAPI/2.0
      X-Ms-Blob-Committed-Block-Count:
      - "0"
      X-Ms-Blob-Type:
      - AppendBlob
      X-Ms-Creation-Time:
      - Thu, 21 Jul 2022 10:38:40 GMT
      X-Ms-Is-Current-Version:
      - "true"
      X-Ms-Lease-State:
      - available
      X-Ms-Lease-Status:
      - unlocked
      X-Ms-Meta-Foo:
      - bar
      X-Ms-Request-Id:
      - 06a74310-601e-002e-0eee-9cdd6f000000
      X-Ms-Server-Encrypted:
      - "true"
      X-Ms-Version:
      - "2020-10-02"
      X-Ms-Version-Id:
      - "2022-07-21T10:38:40.8402827Z"
    status: 200 OK
    code: 200
    duration: ""
- request:
    body: ""
    form: {}
    headers:
      Accept:
      - application/xml
      Authorization:
      - sanitized
      User-Agent:
      - azsdk-go-azblob/v0.5.0 (go1.18.1; Windows_NT)
      X-Ms-Date:
      - Thu, 21 Jul 2022 10:38:41 GMT
      x-ms-version:
      - "2020-10-02"
    url: https://azureblobstoragecanada.blob.core.windows.net/gocblobcreateappendifnonematchtrue?restype=container
    method: DELETE
  response:
    body: ""
    headers:
      Content-Length:
      - "0"
      Date:
      - Thu, 21 Jul 2022 10:38:41 GMT
      Server:
      - Windows-Azure-Blob/1.0 Microsoft-HTTPAPI/2.0
      X-Ms-Request-Id:
      - 06a74a37-601e-002e-11ee-9cdd6f000000
      X-Ms-Version:
      - "2020-10-02"
    status: 202 Accepted
    code: 202
    duration: ""
