---
version: 1
interactions:
- request:
    body: ""
    form: {}
    headers:
      Accept:
      - application/xml
      Authorization:
      - sanitized
      User-Agent:
      - azsdk-go-azblob/v0.5.0 (go1.18.1; Windows_NT)
      X-Ms-Date:
      - Thu, 21 Jul 2022 10:43:25 GMT
      x-ms-version:
      - "2020-10-02"
    url: https://azureblobstoragecanada.blob.core.windows.net/gocblobsetsequencenumberifunmodifiedsincetrue?restype=container
    method: PUT
  response:
    body: ""
    headers:
      Content-Length:
      - "0"
      Date:
      - Thu, 21 Jul 2022 10:43:25 GMT
      Etag:
      - '"0x8DA6B05D719C9C8"'
      Last-Modified:
      - Thu, 21 Jul 2022 10:43:25 GMT
      Server:
      - Windows-Azure-Blob/1.0 Microsoft-HTTPAPI/2.0
      X-Ms-Request-Id:
      - 9e6bc4f7-301e-0033-0bee-9cd0d3000000
      X-Ms-Version:
      - "2020-10-02"
    status: 201 Created
    code: 201
    duration: ""
- request:
    body: ""
    form: {}
    headers:
      Accept:
      - application/xml
      Authorization:
      - sanitized
      Content-Length:
      - "0"
      User-Agent:
      - azsdk-go-azblob/v0.5.0 (go1.18.1; Windows_NT)
      X-Ms-Date:
      - Thu, 21 Jul 2022 10:43:25 GMT
      x-ms-blob-content-length:
      - "5120"
      x-ms-blob-type:
      - PageBlob
      x-ms-version:
      - "2020-10-02"
    url: https://azureblobstoragecanada.blob.core.windows.net/gocblobsetsequencenumberifunmodifiedsincetrue/gotestblobblobsetsequencenumberifunmodifiedsincetrue
    method: PUT
  response:
    body: ""
    headers:
      Content-Length:
      - "0"
      Date:
      - Thu, 21 Jul 2022 10:43:26 GMT
      Etag:
      - '"0x8DA6B05D7751E70"'
      Last-Modified:
      - Thu, 21 Jul 2022 10:43:26 GMT
      Server:
      - Windows-Azure-Blob/1.0 Microsoft-HTTPAPI/2.0
      X-Ms-Request-Id:
      - 9e6bcd84-301e-0033-3fee-9cd0d3000000
      X-Ms-Request-Server-Encrypted:
      - "true"
      X-Ms-Version:
      - "2020-10-02"
      X-Ms-Version-Id:
      - "2022-07-21T10:43:26.0131952Z"
    status: 201 Created
    code: 201
    duration: ""
- request:
    body: ""
    form: {}
    headers:
      Accept:
      - application/xml
      Authorization:
      - sanitized
      If-Unmodified-Since:
      - Thu, 21 Jul 2022 10:43:36 GMT
      User-Agent:
      - azsdk-go-azblob/v0.5.0 (go1.18.1; Windows_NT)
      X-Ms-Date:
      - Thu, 21 Jul 2022 10:43:26 GMT
      x-ms-sequence-number-action:
      - increment
      x-ms-version:
      - "2020-10-02"
    url: https://azureblobstoragecanada.blob.core.windows.net/gocblobsetsequencenumberifunmodifiedsincetrue/gotestblobblobsetsequencenumberifunmodifiedsincetrue?comp=properties
    method: PUT
  response:
    body: ""
    headers:
      Content-Length:
      - "0"
      Date:
      - Thu, 21 Jul 2022 10:43:26 GMT
      Etag:
      - '"0x8DA6B05D7C5F1CD"'
      Last-Modified:
      - Thu, 21 Jul 2022 10:43:26 GMT
      Server:
      - Windows-Azure-Blob/1.0 Microsoft-HTTPAPI/2.0
      X-Ms-Blob-Sequence-Number:
      - "1"
      X-Ms-Request-Id:
      - 9e6bd4c8-301e-0033-25ee-9cd0d3000000
      X-Ms-Version:
      - "2020-10-02"
    status: 200 OK
    code: 200
    duration: ""
- request:
    body: ""
    form: {}
    headers:
      Accept:
      - application/xml
      Authorization:
      - sanitized
      User-Agent:
      - azsdk-go-azblob/v0.5.0 (go1.18.1; Windows_NT)
      X-Ms-Date:
      - Thu, 21 Jul 2022 10:43:27 GMT
      x-ms-version:
      - "2020-10-02"
    url: https://azureblobstoragecanada.blob.core.windows.net/gocblobsetsequencenumberifunmodifiedsincetrue/gotestblobblobsetsequencenumberifunmodifiedsincetrue
    method: HEAD
  response:
    body: ""
    headers:
      Accept-Ranges:
      - bytes
      Content-Length:
      - "5120"
      Content-Type:
      - application/octet-stream
      Date:
      - Thu, 21 Jul 2022 10:43:27 GMT
      Etag:
      - '"0x8DA6B05D7C5F1CD"'
      Last-Modified:
      - Thu, 21 Jul 2022 10:43:26 GMT
      Server:
      - Windows-Azure-Blob/1.0 Microsoft-HTTPAPI/2.0
      X-Ms-Blob-Sequence-Number:
      - "1"
      X-Ms-Blob-Type:
      - PageBlob
      X-Ms-Creation-Time:
      - Thu, 21 Jul 2022 10:43:26 GMT
      X-Ms-Is-Current-Version:
      - "true"
      X-Ms-Lease-State:
      - available
      X-Ms-Lease-Status:
      - unlocked
      X-Ms-Request-Id:
      - 9e6bdeff-301e-0033-4cee-9cd0d3000000
      X-Ms-Server-Encrypted:
      - "true"
      X-Ms-Version:
      - "2020-10-02"
      X-Ms-Version-Id:
      - "2022-07-21T10:43:26.0131952Z"
    status: 200 OK
    code: 200
    duration: ""
- request:
    body: ""
    form: {}
    headers:
      Accept:
      - application/xml
      Authorization:
      - sanitized
      User-Agent:
      - azsdk-go-azblob/v0.5.0 (go1.18.1; Windows_NT)
      X-Ms-Date:
      - Thu, 21 Jul 2022 10:43:28 GMT
      x-ms-version:
      - "2020-10-02"
    url: https://azureblobstoragecanada.blob.core.windows.net/gocblobsetsequencenumberifunmodifiedsincetrue?restype=container
    method: DELETE
  response:
    body: ""
    headers:
      Content-Length:
      - "0"
      Date:
      - Thu, 21 Jul 2022 10:43:28 GMT
      Server:
      - Windows-Azure-Blob/1.0 Microsoft-HTTPAPI/2.0
      X-Ms-Request-Id:
      - 9e6be4d0-301e-0033-6cee-9cd0d3000000
      X-Ms-Version:
      - "2020-10-02"
    status: 202 Accepted
    code: 202
    duration: ""
