---
version: 1
interactions:
- request:
    body: ""
    form: {}
    headers:
      Accept:
      - application/xml
      Authorization:
      - sanitized
      User-Agent:
      - azsdk-go-azblob/v0.5.0 (go1.18.1; Windows_NT)
      X-Ms-Date:
      - Mon, 04 Jul 2022 10:32:23 GMT
      x-ms-version:
      - "2020-10-02"
    url: https://azureblobstoragecanada.blob.core.windows.net/gocblobcreatepageifunmodifiedsincetrue?restype=container
    method: PUT
  response:
    body: ""
    headers:
      Content-Length:
      - "0"
      Date:
      - Mon, 04 Jul 2022 10:32:21 GMT
      Etag:
      - '"0x8DA5DA87A793A38"'
      Last-Modified:
      - Mon, 04 Jul 2022 10:32:21 GMT
      Server:
      - Windows-Azure-Blob/1.0 Microsoft-HTTPAPI/2.0
      X-Ms-Request-Id:
      - 32e37d76-701e-001d-8091-8f82c4000000
      X-Ms-Version:
      - "2020-10-02"
    status: 201 Created
    code: 201
    duration: ""
- request:
    body: ""
    form: {}
    headers:
      Accept:
      - application/xml
      Authorization:
      - sanitized
      Content-Length:
      - "0"
      User-Agent:
      - azsdk-go-azblob/v0.5.0 (go1.18.1; Windows_NT)
      X-Ms-Date:
      - Mon, 04 Jul 2022 10:32:23 GMT
      x-ms-blob-content-length:
      - "512"
      x-ms-blob-type:
      - PageBlob
      x-ms-version:
      - "2020-10-02"
    url: https://azureblobstoragecanada.blob.core.windows.net/gocblobcreatepageifunmodifiedsincetrue/gotestblobblobcreatepageifunmodifiedsincetrue
    method: PUT
  response:
    body: ""
    headers:
      Content-Length:
      - "0"
      Date:
      - Mon, 04 Jul 2022 10:32:21 GMT
      Etag:
      - '"0x8DA5DA87AA459D0"'
      Last-Modified:
      - Mon, 04 Jul 2022 10:32:21 GMT
      Server:
      - Windows-Azure-Blob/1.0 Microsoft-HTTPAPI/2.0
      X-Ms-Request-Id:
      - 32e37efb-701e-001d-6691-8f82c4000000
      X-Ms-Request-Server-Encrypted:
      - "true"
      X-Ms-Version:
      - "2020-10-02"
      X-Ms-Version-Id:
      - "2022-07-04T10:32:21.9826640Z"
    status: 201 Created
    code: 201
    duration: ""
- request:
    body: ""
    form: {}
    headers:
      Accept:
      - application/xml
      Authorization:
      - sanitized
      Content-Length:
      - "0"
      If-Unmodified-Since:
      - Mon, 04 Jul 2022 10:32:31 GMT
      User-Agent:
      - azsdk-go-azblob/v0.5.0 (go1.18.1; Windows_NT)
      X-Ms-Date:
      - Mon, 04 Jul 2022 10:32:24 GMT
      x-ms-blob-cache-control:
      - control
      x-ms-blob-content-disposition:
      - my_disposition
      x-ms-blob-content-encoding:
      - my_encoding
      x-ms-blob-content-language:
      - my_language
      x-ms-blob-content-length:
      - "512"
      x-ms-blob-content-type:
      - my_type
      x-ms-blob-sequence-number:
      - "0"
      x-ms-blob-type:
      - PageBlob
      x-ms-meta-Foo:
      - bar
      x-ms-version:
      - "2020-10-02"
    url: https://azureblobstoragecanada.blob.core.windows.net/gocblobcreatepageifunmodifiedsincetrue/gotestblobblobcreatepageifunmodifiedsincetrue
    method: PUT
  response:
    body: ""
    headers:
      Content-Length:
      - "0"
      Date:
      - Mon, 04 Jul 2022 10:32:21 GMT
      Etag:
      - '"0x8DA5DA87ACBD8B0"'
      Last-Modified:
      - Mon, 04 Jul 2022 10:32:22 GMT
      Server:
      - Windows-Azure-Blob/1.0 Microsoft-HTTPAPI/2.0
      X-Ms-Request-Id:
      - 32e38088-701e-001d-5891-8f82c4000000
      X-Ms-Request-Server-Encrypted:
      - "true"
      X-Ms-Version:
      - "2020-10-02"
      X-Ms-Version-Id:
      - "2022-07-04T10:32:22.2435014Z"
    status: 201 Created
    code: 201
    duration: ""
- request:
    body: ""
    form: {}
    headers:
      Accept:
      - application/xml
      Authorization:
      - sanitized
      User-Agent:
      - azsdk-go-azblob/v0.5.0 (go1.18.1; Windows_NT)
      X-Ms-Date:
      - Mon, 04 Jul 2022 10:32:24 GMT
      x-ms-version:
      - "2020-10-02"
    url: https://azureblobstoragecanada.blob.core.windows.net/gocblobcreatepageifunmodifiedsincetrue/gotestblobblobcreatepageifunmodifiedsincetrue
    method: HEAD
  response:
    body: ""
    headers:
      Accept-Ranges:
      - bytes
      Cache-Control:
      - control
      Content-Disposition:
      - my_disposition
      Content-Encoding:
      - my_encoding
      Content-Language:
      - my_language
      Content-Length:
      - "512"
      Content-Type:
      - my_type
      Date:
      - Mon, 04 Jul 2022 10:32:22 GMT
      Etag:
      - '"0x8DA5DA87ACBD8B0"'
      Last-Modified:
      - Mon, 04 Jul 2022 10:32:22 GMT
      Server:
      - Windows-Azure-Blob/1.0 Microsoft-HTTPAPI/2.0
      X-Ms-Blob-Sequence-Number:
      - "0"
      X-Ms-Blob-Type:
      - PageBlob
      X-Ms-Creation-Time:
      - Mon, 04 Jul 2022 10:32:22 GMT
      X-Ms-Is-Current-Version:
      - "true"
      X-Ms-Lease-State:
      - available
      X-Ms-Lease-Status:
      - unlocked
      X-Ms-Meta-Foo:
      - bar
      X-Ms-Request-Id:
      - 32e3822c-701e-001d-6391-8f82c4000000
      X-Ms-Server-Encrypted:
      - "true"
      X-Ms-Version:
      - "2020-10-02"
      X-Ms-Version-Id:
      - "2022-07-04T10:32:22.2435014Z"
    status: 200 OK
    code: 200
    duration: ""
- request:
    body: ""
    form: {}
    headers:
      Accept:
      - application/xml
      Authorization:
      - sanitized
      User-Agent:
      - azsdk-go-azblob/v0.5.0 (go1.18.1; Windows_NT)
      X-Ms-Date:
      - Mon, 04 Jul 2022 10:32:24 GMT
      x-ms-version:
      - "2020-10-02"
    url: https://azureblobstoragecanada.blob.core.windows.net/gocblobcreatepageifunmodifiedsincetrue?restype=container
    method: DELETE
  response:
    body: ""
    headers:
      Content-Length:
      - "0"
      Date:
      - Mon, 04 Jul 2022 10:32:22 GMT
      Server:
      - Windows-Azure-Blob/1.0 Microsoft-HTTPAPI/2.0
      X-Ms-Request-Id:
      - 32e383ae-701e-001d-4891-8f82c4000000
      X-Ms-Version:
      - "2020-10-02"
    status: 202 Accepted
    code: 202
    duration: ""
