---
version: 1
interactions:
- request:
    body: ""
    form: {}
    headers:
      Accept:
      - application/xml
      Authorization:
      - sanitized
      User-Agent:
      - azsdk-go-azblob/v0.5.0 (go1.18.1; Windows_NT)
      X-Ms-Date:
      - Thu, 21 Jul 2022 10:46:32 GMT
      x-ms-version:
      - "2020-10-02"
    url: https://azureblobstoragecanada.blob.core.windows.net/goccopyunsealedblob?restype=container
    method: PUT
  response:
    body: ""
    headers:
      Content-Length:
      - "0"
      Date:
      - Thu, 21 Jul 2022 10:46:32 GMT
      Etag:
      - '"0x8DA6B064683FFDE"'
      Last-Modified:
      - Thu, 21 Jul 2022 10:46:32 GMT
      Server:
      - Windows-Azure-Blob/1.0 Microsoft-HTTPAPI/2.0
      X-Ms-Request-Id:
      - 5d6e71ad-d01e-0082-51ef-9ccec6000000
      X-Ms-Version:
      - "2020-10-02"
    status: 201 Created
    code: 201
    duration: ""
- request:
    body: ""
    form: {}
    headers:
      Accept:
      - application/xml
      Authorization:
      - sanitized
      Content-Length:
      - "0"
      User-Agent:
      - azsdk-go-azblob/v0.5.0 (go1.18.1; Windows_NT)
      X-Ms-Date:
      - Thu, 21 Jul 2022 10:46:32 GMT
      x-ms-blob-type:
      - AppendBlob
      x-ms-version:
      - "2020-10-02"
    url: https://azureblobstoragecanada.blob.core.windows.net/goccopyunsealedblob/gotestblobcopyunsealedblob
    method: PUT
  response:
    body: ""
    headers:
      Content-Length:
      - "0"
      Date:
      - Thu, 21 Jul 2022 10:46:32 GMT
      Etag:
      - '"0x8DA6B0646D6FDB1"'
      Last-Modified:
      - Thu, 21 Jul 2022 10:46:32 GMT
      Server:
      - Windows-Azure-Blob/1.0 Microsoft-HTTPAPI/2.0
      X-Ms-Request-Id:
      - 5d6e7701-d01e-0082-6eef-9ccec6000000
      X-Ms-Request-Server-Encrypted:
      - "true"
      X-Ms-Version:
      - "2020-10-02"
      X-Ms-Version-Id:
      - "2022-07-21T10:46:32.8817073Z"
    status: 201 Created
    code: 201
    duration: ""
- request:
    body: ""
    form: {}
    headers:
      Accept:
      - application/xml
      Authorization:
      - sanitized
      User-Agent:
      - azsdk-go-azblob/v0.5.0 (go1.18.1; Windows_NT)
      X-Ms-Date:
      - Thu, 21 Jul 2022 10:46:33 GMT
      x-ms-copy-source:
      - https://azureblobstoragecanada.blob.core.windows.net/goccopyunsealedblob/gotestblobcopyunsealedblob
      x-ms-seal-blob:
      - "true"
      x-ms-version:
      - "2020-10-02"
    url: https://azureblobstoragecanada.blob.core.windows.net/goccopyunsealedblob/copygotestblobcopyunsealedblob
    method: PUT
  response:
    body: ""
    headers:
      Content-Length:
      - "0"
      Date:
      - Thu, 21 Jul 2022 10:46:32 GMT
      Etag:
      - '"0x8DA6B0647029B46"'
      Last-Modified:
      - Thu, 21 Jul 2022 10:46:33 GMT
      Server:
      - Windows-Azure-Blob/1.0 Microsoft-HTTPAPI/2.0
      X-Ms-Copy-Id:
      - 616a1c80-0f4c-428a-8b45-332807fc49d8
      X-Ms-Copy-Status:
      - success
      X-Ms-Request-Id:
      - 5d6e7e48-d01e-0082-47ef-9ccec6000000
      X-Ms-Version:
      - "2020-10-02"
      X-Ms-Version-Id:
      - "2022-07-21T10:46:33.1685458Z"
    status: 202 Accepted
    code: 202
    duration: ""
- request:
    body: ""
    form: {}
    headers:
      Accept:
      - application/xml
      Authorization:
      - sanitized
      User-Agent:
      - azsdk-go-azblob/v0.5.0 (go1.18.1; Windows_NT)
      X-Ms-Date:
      - Thu, 21 Jul 2022 10:46:33 GMT
      x-ms-version:
      - "2020-10-02"
    url: https://azureblobstoragecanada.blob.core.windows.net/goccopyunsealedblob/copygotestblobcopyunsealedblob
    method: HEAD
  response:
    body: ""
    headers:
      Accept-Ranges:
      - bytes
      Content-Length:
      - "0"
      Content-Type:
      - application/octet-stream
      Date:
      - Thu, 21 Jul 2022 10:46:33 GMT
      Etag:
      - '"0x8DA6B0647029B46"'
      Last-Modified:
      - Thu, 21 Jul 2022 10:46:33 GMT
      Server:
      - Windows-Azure-Blob/1.0 Microsoft-HTTPAPI/2.0
      X-Ms-Blob-Committed-Block-Count:
      - "0"
      X-Ms-Blob-Sealed:
      - "true"
      X-Ms-Blob-Type:
      - AppendBlob
      X-Ms-Copy-Completion-Time:
      - Thu, 21 Jul 2022 10:46:33 GMT
      X-Ms-Copy-Id:
      - 616a1c80-0f4c-428a-8b45-332807fc49d8
      X-Ms-Copy-Progress:
      - 0/0
      X-Ms-Copy-Source:
      - https://azureblobstoragecanada.blob.core.windows.net/goccopyunsealedblob/gotestblobcopyunsealedblob
      X-Ms-Copy-Status:
      - success
      X-Ms-Creation-Time:
      - Thu, 21 Jul 2022 10:46:33 GMT
      X-Ms-Is-Current-Version:
      - "true"
      X-Ms-Lease-State:
      - available
      X-Ms-Lease-Status:
      - unlocked
      X-Ms-Request-Id:
      - 5d6e8599-d01e-0082-52ef-9ccec6000000
      X-Ms-Server-Encrypted:
      - "true"
      X-Ms-Version:
      - "2020-10-02"
      X-Ms-Version-Id:
      - "2022-07-21T10:46:33.1685458Z"
    status: 200 OK
    code: 200
    duration: ""
- request:
    body: ""
    form: {}
    headers:
      Accept:
      - application/xml
      Authorization:
      - sanitized
      User-Agent:
      - azsdk-go-azblob/v0.5.0 (go1.18.1; Windows_NT)
      X-Ms-Date:
      - Thu, 21 Jul 2022 10:46:33 GMT
      x-ms-version:
      - "2020-10-02"
    url: https://azureblobstoragecanada.blob.core.windows.net/goccopyunsealedblob?restype=container
    method: DELETE
  response:
    body: ""
    headers:
      Content-Length:
      - "0"
      Date:
      - Thu, 21 Jul 2022 10:46:33 GMT
      Server:
      - Windows-Azure-Blob/1.0 Microsoft-HTTPAPI/2.0
      X-Ms-Request-Id:
      - 5d6e8ba3-d01e-0082-2def-9ccec6000000
      X-Ms-Version:
      - "2020-10-02"
    status: 202 Accepted
    code: 202
    duration: ""
