---
version: 1
interactions:
- request:
    body: ""
    form: {}
    headers:
      Accept:
      - application/xml
      Authorization:
      - sanitized
      User-Agent:
      - azsdk-go-azblob/v0.3.0 azsdk-go-azcore/v0.21.1 (go1.16.14; Windows_NT)
      X-Ms-Date:
      - Mon, 14 Mar 2022 18:12:55 GMT
      X-Ms-Version:
      - "2019-12-12"
    url: https://azureblobstoragecanada.blob.core.windows.net/goccontainersetpermissionsnilpolicyslice?restype=container
    method: PUT
  response:
    body: ""
    headers:
      Content-Length:
      - "0"
      Date:
      - Mon, 14 Mar 2022 18:12:55 GMT
      Etag:
      - '"0x8DA05E64390526F"'
      Last-Modified:
      - Mon, 14 Mar 2022 18:12:56 GMT
      Server:
      - Windows-Azure-Blob/1.0 Microsoft-HTTPAPI/2.0
      X-Ms-Request-Id:
      - ee4b36b4-d01e-0066-20cf-37c058000000
      X-Ms-Version:
      - "2019-12-12"
    status: 201 Created
    code: 201
    duration: ""
- request:
    body: ""
    form: {}
    headers:
      Accept:
      - application/xml
      Authorization:
      - sanitized
      User-Agent:
      - azsdk-go-azblob/v0.3.0 azsdk-go-azcore/v0.21.1 (go1.16.14; Windows_NT)
      X-Ms-Date:
      - Mon, 14 Mar 2022 18:12:56 GMT
      X-Ms-Version:
      - "2019-12-12"
    url: https://azureblobstoragecanada.blob.core.windows.net/goccontainersetpermissionsnilpolicyslice?comp=acl&restype=container
    method: PUT
  response:
    body: ""
    headers:
      Content-Length:
      - "0"
      Date:
      - Mon, 14 Mar 2022 18:12:55 GMT
      Etag:
      - '"0x8DA05E643C2EBB8"'
      Last-Modified:
      - Mon, 14 Mar 2022 18:12:56 GMT
      Server:
      - Windows-Azure-Blob/1.0 Microsoft-HTTPAPI/2.0
      X-Ms-Request-Id:
      - ee4b3802-d01e-0066-51cf-37c058000000
      X-Ms-Version:
      - "2019-12-12"
    status: 200 OK
    code: 200
    duration: ""
- request:
    body: ""
    form: {}
    headers:
      Accept:
      - application/xml
      Authorization:
      - sanitized
      User-Agent:
      - azsdk-go-azblob/v0.3.0 azsdk-go-azcore/v0.21.1 (go1.16.14; Windows_NT)
      X-Ms-Date:
      - Mon, 14 Mar 2022 18:12:56 GMT
      X-Ms-Version:
      - "2019-12-12"
    url: https://azureblobstoragecanada.blob.core.windows.net/goccontainersetpermissionsnilpolicyslice?restype=container
    method: DELETE
  response:
    body: ""
    headers:
      Content-Length:
      - "0"
      Date:
      - Mon, 14 Mar 2022 18:12:56 GMT
      Server:
      - Windows-Azure-Blob/1.0 Microsoft-HTTPAPI/2.0
      X-Ms-Request-Id:
      - ee4b3934-d01e-0066-63cf-37c058000000
      X-Ms-Version:
      - "2019-12-12"
    status: 202 Accepted
    code: 202
    duration: ""
