---
version: 1
interactions:
- request:
    body: ""
    form: {}
    headers:
      Accept:
      - application/xml
      Authorization:
      - sanitized
      User-Agent:
      - azsdk-go-azblob/v0.4.1 azsdk-go-azcore/v0.23.0 (go1.18.1; Windows_NT)
      X-Ms-Date:
      - Thu, 26 May 2022 05:38:58 GMT
      X-Ms-Version:
      - "2020-10-02"
    url: https://azureblobstoragecanada.blob.core.windows.net/gocblobstartcopysourceifnonematchtrue?restype=container
    method: PUT
  response:
    body: ""
    headers:
      Content-Length:
      - "0"
      Date:
      - Thu, 26 May 2022 05:38:57 GMT
      Etag:
      - '"0x8DA3EDA079E219E"'
      Last-Modified:
      - Thu, 26 May 2022 05:38:57 GMT
      Server:
      - Windows-Azure-Blob/1.0 Microsoft-HTTPAPI/2.0
      X-Ms-Request-Id:
      - 05b6ba07-d01e-0014-7cc2-70c717000000
      X-Ms-Version:
      - "2020-10-02"
    status: 201 Created
    code: 201
    duration: ""
- request:
    body: GoBlockBlobData
    form: {}
    headers:
      Accept:
      - application/xml
      Authorization:
      - sanitized
      Content-Length:
      - "15"
      Content-Type:
      - application/octet-stream
      User-Agent:
      - azsdk-go-azblob/v0.4.1 azsdk-go-azcore/v0.23.0 (go1.18.1; Windows_NT)
      X-Ms-Blob-Type:
      - BlockBlob
      X-Ms-Date:
      - Thu, 26 May 2022 05:38:58 GMT
      X-Ms-Version:
      - "2020-10-02"
    url: https://azureblobstoragecanada.blob.core.windows.net/gocblobstartcopysourceifnonematchtrue/gotestblobblobstartcopysourceifnonematchtrue
    method: PUT
  response:
    body: ""
    headers:
      Content-Length:
      - "0"
      Content-Md5:
      - ebncwguMQu9sgPmr0GazhA==
      Date:
      - Thu, 26 May 2022 05:38:57 GMT
      Etag:
      - '"0x8DA3EDA07C2DD98"'
      Last-Modified:
      - Thu, 26 May 2022 05:38:58 GMT
      Server:
      - Windows-Azure-Blob/1.0 Microsoft-HTTPAPI/2.0
      X-Ms-Content-Crc64:
      - +JGsS7CR5kg=
      X-Ms-Request-Id:
      - 05b6bb32-d01e-0014-7fc2-70c717000000
      X-Ms-Request-Server-Encrypted:
      - "true"
      X-Ms-Version:
      - "2020-10-02"
      X-Ms-Version-Id:
      - "2022-05-26T05:38:58.0360348Z"
    status: 201 Created
    code: 201
    duration: ""
- request:
    body: ""
    form: {}
    headers:
      Accept:
      - application/xml
      Authorization:
      - sanitized
      User-Agent:
      - azsdk-go-azblob/v0.4.1 azsdk-go-azcore/v0.23.0 (go1.18.1; Windows_NT)
      X-Ms-Date:
      - Thu, 26 May 2022 05:38:58 GMT
      X-Ms-Version:
      - "2020-10-02"
    url: https://azureblobstoragecanada.blob.core.windows.net/gocblobstartcopysourceifnonematchtrue/gotestblobblobstartcopysourceifnonematchtrue
    method: HEAD
  response:
    body: ""
    headers:
      Accept-Ranges:
      - bytes
      Content-Length:
      - "15"
      Content-Md5:
      - ebncwguMQu9sgPmr0GazhA==
      Content-Type:
      - application/octet-stream
      Date:
      - Thu, 26 May 2022 05:38:58 GMT
      Etag:
      - '"0x8DA3EDA07C2DD98"'
      Last-Modified:
      - Thu, 26 May 2022 05:38:58 GMT
      Server:
      - Windows-Azure-Blob/1.0 Microsoft-HTTPAPI/2.0
      X-Ms-Access-Tier:
      - Hot
      X-Ms-Access-Tier-Inferred:
      - "true"
      X-Ms-Blob-Type:
      - BlockBlob
      X-Ms-Creation-Time:
      - Thu, 26 May 2022 05:38:58 GMT
      X-Ms-Is-Current-Version:
      - "true"
      X-Ms-Lease-State:
      - available
      X-Ms-Lease-Status:
      - unlocked
      X-Ms-Request-Id:
      - 05b6bc3b-d01e-0014-65c2-70c717000000
      X-Ms-Server-Encrypted:
      - "true"
      X-Ms-Version:
      - "2020-10-02"
      X-Ms-Version-Id:
      - "2022-05-26T05:38:58.0360348Z"
    status: 200 OK
    code: 200
    duration: ""
- request:
    body: ""
    form: {}
    headers:
      Accept:
      - application/xml
      Authorization:
      - sanitized
      User-Agent:
      - azsdk-go-azblob/v0.4.1 azsdk-go-azcore/v0.23.0 (go1.18.1; Windows_NT)
      X-Ms-Copy-Source:
      - https://azureblobstoragecanada.blob.core.windows.net/gocblobstartcopysourceifnonematchtrue/gotestblobblobstartcopysourceifnonematchtrue
      X-Ms-Date:
      - Thu, 26 May 2022 05:38:58 GMT
      X-Ms-Source-If-None-Match:
      - a
      X-Ms-Version:
      - "2020-10-02"
    url: https://azureblobstoragecanada.blob.core.windows.net/gocblobstartcopysourceifnonematchtrue/destgotestblobblobstartcopysourceifnonematchtrue
    method: PUT
  response:
    body: ""
    headers:
      Content-Length:
      - "0"
      Date:
      - Thu, 26 May 2022 05:38:58 GMT
      Etag:
      - '"0x8DA3EDA080C85E3"'
      Last-Modified:
      - Thu, 26 May 2022 05:38:58 GMT
      Server:
      - Windows-Azure-Blob/1.0 Microsoft-HTTPAPI/2.0
      X-Ms-Copy-Id:
      - 3fb74294-3c88-43c4-9a29-f40edba50e13
      X-Ms-Copy-Status:
      - success
      X-Ms-Request-Id:
      - 05b6bd5a-d01e-0014-67c2-70c717000000
      X-Ms-Version:
      - "2020-10-02"
      X-Ms-Version-Id:
      - "2022-05-26T05:38:58.5177571Z"
    status: 202 Accepted
    code: 202
    duration: ""
- request:
    body: ""
    form: {}
    headers:
      Accept:
      - application/xml
      Authorization:
      - sanitized
      User-Agent:
      - azsdk-go-azblob/v0.4.1 azsdk-go-azcore/v0.23.0 (go1.18.1; Windows_NT)
      X-Ms-Date:
      - Thu, 26 May 2022 05:38:58 GMT
      X-Ms-Version:
      - "2020-10-02"
    url: https://azureblobstoragecanada.blob.core.windows.net/gocblobstartcopysourceifnonematchtrue/destgotestblobblobstartcopysourceifnonematchtrue
    method: HEAD
  response:
    body: ""
    headers:
      Accept-Ranges:
      - bytes
      Content-Length:
      - "15"
      Content-Md5:
      - ebncwguMQu9sgPmr0GazhA==
      Content-Type:
      - application/octet-stream
      Date:
      - Thu, 26 May 2022 05:38:58 GMT
      Etag:
      - '"0x8DA3EDA080C85E3"'
      Last-Modified:
      - Thu, 26 May 2022 05:38:58 GMT
      Server:
      - Windows-Azure-Blob/1.0 Microsoft-HTTPAPI/2.0
      X-Ms-Access-Tier:
      - Hot
      X-Ms-Access-Tier-Inferred:
      - "true"
      X-Ms-Blob-Type:
      - BlockBlob
      X-Ms-Copy-Completion-Time:
      - Thu, 26 May 2022 05:38:58 GMT
      X-Ms-Copy-Id:
      - 3fb74294-3c88-43c4-9a29-f40edba50e13
      X-Ms-Copy-Progress:
      - 15/15
      X-Ms-Copy-Source:
      - https://azureblobstoragecanada.blob.core.windows.net/gocblobstartcopysourceifnonematchtrue/gotestblobblobstartcopysourceifnonematchtrue
      X-Ms-Copy-Status:
      - success
      X-Ms-Creation-Time:
      - Thu, 26 May 2022 05:38:58 GMT
      X-Ms-Is-Current-Version:
      - "true"
      X-Ms-Lease-State:
      - available
      X-Ms-Lease-Status:
      - unlocked
      X-Ms-Request-Id:
      - 05b6be86-d01e-0014-6dc2-70c717000000
      X-Ms-Server-Encrypted:
      - "true"
      X-Ms-Version:
      - "2020-10-02"
      X-Ms-Version-Id:
      - "2022-05-26T05:38:58.5177571Z"
    status: 200 OK
    code: 200
    duration: ""
- request:
    body: ""
    form: {}
    headers:
      Accept:
      - application/xml
      Authorization:
      - sanitized
      User-Agent:
      - azsdk-go-azblob/v0.4.1 azsdk-go-azcore/v0.23.0 (go1.18.1; Windows_NT)
      X-Ms-Date:
      - Thu, 26 May 2022 05:38:59 GMT
      X-Ms-Version:
      - "2020-10-02"
    url: https://azureblobstoragecanada.blob.core.windows.net/gocblobstartcopysourceifnonematchtrue?restype=container
    method: DELETE
  response:
    body: ""
    headers:
      Content-Length:
      - "0"
      Date:
      - Thu, 26 May 2022 05:38:58 GMT
      Server:
      - Windows-Azure-Blob/1.0 Microsoft-HTTPAPI/2.0
      X-Ms-Request-Id:
      - 05b6bfc2-d01e-0014-09c2-70c717000000
      X-Ms-Version:
      - "2020-10-02"
    status: 202 Accepted
    code: 202
    duration: ""
