---
version: 1
interactions:
- request:
    body: ""
    form: {}
    headers:
      Accept:
      - application/xml
      Authorization:
      - sanitized
      User-Agent:
      - azsdk-go-azblob/v0.4.1 azsdk-go-azcore/v0.23.0 (go1.18.1; Windows_NT)
      X-Ms-Date:
      - Wed, 25 May 2022 06:47:17 GMT
      X-Ms-Version:
      - "2020-10-02"
    url: https://azureblobstoragecanada.blob.core.windows.net/gocblobsetmetadataifunmodifiedsincetrue?restype=container
    method: PUT
  response:
    body: ""
    headers:
      Content-Length:
      - "0"
      Date:
      - Wed, 25 May 2022 06:47:16 GMT
      Etag:
      - '"0x8DA3E1A68AD0828"'
      Last-Modified:
      - Wed, 25 May 2022 06:47:17 GMT
      Server:
      - Windows-Azure-Blob/1.0 Microsoft-HTTPAPI/2.0
      X-Ms-Request-Id:
      - 189c3e62-c01e-0027-2703-7098bc000000
      X-Ms-Version:
      - "2020-10-02"
    status: 201 Created
    code: 201
    duration: ""
- request:
    body: GoBlockBlobData
    form: {}
    headers:
      Accept:
      - application/xml
      Authorization:
      - sanitized
      Content-Length:
      - "15"
      Content-Type:
      - application/octet-stream
      User-Agent:
      - azsdk-go-azblob/v0.4.1 azsdk-go-azcore/v0.23.0 (go1.18.1; Windows_NT)
      X-Ms-Blob-Type:
      - BlockBlob
      X-Ms-Date:
      - Wed, 25 May 2022 06:47:17 GMT
      X-Ms-Version:
      - "2020-10-02"
    url: https://azureblobstoragecanada.blob.core.windows.net/gocblobsetmetadataifunmodifiedsincetrue/gotestblobblobsetmetadataifunmodifiedsincetrue
    method: PUT
  response:
    body: ""
    headers:
      Content-Length:
      - "0"
      Content-Md5:
      - ebncwguMQu9sgPmr0GazhA==
      Date:
      - Wed, 25 May 2022 06:47:16 GMT
      Etag:
      - '"0x8DA3E1A68D47592"'
      Last-Modified:
      - Wed, 25 May 2022 06:47:17 GMT
      Server:
      - Windows-Azure-Blob/1.0 Microsoft-HTTPAPI/2.0
      X-Ms-Content-Crc64:
      - +JGsS7CR5kg=
      X-Ms-Request-Id:
      - 189c3eeb-c01e-0027-1603-7098bc000000
      X-Ms-Request-Server-Encrypted:
      - "true"
      X-Ms-Version:
      - "2020-10-02"
      X-Ms-Version-Id:
      - "2022-05-25T06:47:17.5172498Z"
    status: 201 Created
    code: 201
    duration: ""
- request:
    body: ""
    form: {}
    headers:
      Accept:
      - application/xml
      Authorization:
      - sanitized
      If-Unmodified-Since:
      - Wed, 25 May 2022 06:47:26 GMT
      User-Agent:
      - azsdk-go-azblob/v0.4.1 azsdk-go-azcore/v0.23.0 (go1.18.1; Windows_NT)
      X-Ms-Date:
      - Wed, 25 May 2022 06:47:17 GMT
      X-Ms-Meta-Foo:
      - bar
      X-Ms-Version:
      - "2020-10-02"
    url: https://azureblobstoragecanada.blob.core.windows.net/gocblobsetmetadataifunmodifiedsincetrue/gotestblobblobsetmetadataifunmodifiedsincetrue?comp=metadata
    method: PUT
  response:
    body: ""
    headers:
      Content-Length:
      - "0"
      Date:
      - Wed, 25 May 2022 06:47:17 GMT
      Etag:
      - '"0x8DA3E1A68FBA6E9"'
      Last-Modified:
      - Wed, 25 May 2022 06:47:17 GMT
      Server:
      - Windows-Azure-Blob/1.0 Microsoft-HTTPAPI/2.0
      X-Ms-Request-Id:
      - 189c3fad-c01e-0027-3f03-7098bc000000
      X-Ms-Request-Server-Encrypted:
      - "true"
      X-Ms-Version:
      - "2020-10-02"
      X-Ms-Version-Id:
      - "2022-05-25T06:47:17.7751033Z"
    status: 200 OK
    code: 200
    duration: ""
- request:
    body: ""
    form: {}
    headers:
      Accept:
      - application/xml
      Authorization:
      - sanitized
      User-Agent:
      - azsdk-go-azblob/v0.4.1 azsdk-go-azcore/v0.23.0 (go1.18.1; Windows_NT)
      X-Ms-Date:
      - Wed, 25 May 2022 06:47:17 GMT
      X-Ms-Version:
      - "2020-10-02"
    url: https://azureblobstoragecanada.blob.core.windows.net/gocblobsetmetadataifunmodifiedsincetrue/gotestblobblobsetmetadataifunmodifiedsincetrue
    method: HEAD
  response:
    body: ""
    headers:
      Accept-Ranges:
      - bytes
      Content-Length:
      - "15"
      Content-Md5:
      - ebncwguMQu9sgPmr0GazhA==
      Content-Type:
      - application/octet-stream
      Date:
      - Wed, 25 May 2022 06:47:17 GMT
      Etag:
      - '"0x8DA3E1A68FBA6E9"'
      Last-Modified:
      - Wed, 25 May 2022 06:47:17 GMT
      Server:
      - Windows-Azure-Blob/1.0 Microsoft-HTTPAPI/2.0
      X-Ms-Access-Tier:
      - Hot
      X-Ms-Access-Tier-Inferred:
      - "true"
      X-Ms-Blob-Type:
      - BlockBlob
      X-Ms-Creation-Time:
      - Wed, 25 May 2022 06:47:17 GMT
      X-Ms-Is-Current-Version:
      - "true"
      X-Ms-Lease-State:
      - available
      X-Ms-Lease-Status:
      - unlocked
      X-Ms-Meta-Foo:
      - bar
      X-Ms-Request-Id:
      - 189c4063-c01e-0027-6b03-7098bc000000
      X-Ms-Server-Encrypted:
      - "true"
      X-Ms-Version:
      - "2020-10-02"
      X-Ms-Version-Id:
      - "2022-05-25T06:47:17.7751033Z"
    status: 200 OK
    code: 200
    duration: ""
- request:
    body: ""
    form: {}
    headers:
      Accept:
      - application/xml
      Authorization:
      - sanitized
      User-Agent:
      - azsdk-go-azblob/v0.4.1 azsdk-go-azcore/v0.23.0 (go1.18.1; Windows_NT)
      X-Ms-Date:
      - Wed, 25 May 2022 06:47:18 GMT
      X-Ms-Version:
      - "2020-10-02"
    url: https://azureblobstoragecanada.blob.core.windows.net/gocblobsetmetadataifunmodifiedsincetrue?restype=container
    method: DELETE
  response:
    body: ""
    headers:
      Content-Length:
      - "0"
      Date:
      - Wed, 25 May 2022 06:47:17 GMT
      Server:
      - Windows-Azure-Blob/1.0 Microsoft-HTTPAPI/2.0
      X-Ms-Request-Id:
      - 189c412f-c01e-0027-2403-7098bc000000
      X-Ms-Version:
      - "2020-10-02"
    status: 202 Accepted
    code: 202
    duration: ""
