---
version: 1
interactions:
- request:
    body: ""
    form: {}
    headers:
      Accept:
      - application/xml
      Authorization:
      - sanitized
      User-Agent:
      - azsdk-go-azblob/v0.4.1 azsdk-go-azcore/v0.23.0 (go1.18.1; Windows_NT)
      X-Ms-Date:
      - Wed, 25 May 2022 06:45:23 GMT
      X-Ms-Version:
      - "2020-10-02"
    url: https://azureblobstoragecanada.blob.core.windows.net/gocblobgetpagerangesifnonematchfalse?restype=container
    method: PUT
  response:
    body: ""
    headers:
      Content-Length:
      - "0"
      Date:
      - Wed, 25 May 2022 06:45:22 GMT
      Etag:
      - '"0x8DA3E1A24D4AC4C"'
      Last-Modified:
      - Wed, 25 May 2022 06:45:23 GMT
      Server:
      - Windows-Azure-Blob/1.0 Microsoft-HTTPAPI/2.0
      X-Ms-Request-Id:
      - 189b0e6a-c01e-0027-3103-7098bc000000
      X-Ms-Version:
      - "2020-10-02"
    status: 201 Created
    code: 201
    duration: ""
- request:
    body: ""
    form: {}
    headers:
      Accept:
      - application/xml
      Authorization:
      - sanitized
      Content-Length:
      - "0"
      User-Agent:
      - azsdk-go-azblob/v0.4.1 azsdk-go-azcore/v0.23.0 (go1.18.1; Windows_NT)
      X-Ms-Blob-Content-Length:
      - "5120"
      X-Ms-Blob-Type:
      - PageBlob
      X-Ms-Date:
      - Wed, 25 May 2022 06:45:23 GMT
      X-Ms-Version:
      - "2020-10-02"
    url: https://azureblobstoragecanada.blob.core.windows.net/gocblobgetpagerangesifnonematchfalse/gotestblobblobgetpagerangesifnonematchfalse
    method: PUT
  response:
    body: ""
    headers:
      Content-Length:
      - "0"
      Date:
      - Wed, 25 May 2022 06:45:23 GMT
      Etag:
      - '"0x8DA3E1A24FBE710"'
      Last-Modified:
      - Wed, 25 May 2022 06:45:23 GMT
      Server:
      - Windows-Azure-Blob/1.0 Microsoft-HTTPAPI/2.0
      X-Ms-Request-Id:
      - 189b0efe-c01e-0027-3803-7098bc000000
      X-Ms-Request-Server-Encrypted:
      - "true"
      X-Ms-Version:
      - "2020-10-02"
      X-Ms-Version-Id:
      - "2022-05-25T06:45:23.6906768Z"
    status: 201 Created
    code: 201
    duration: ""
- request:
    body: 2SDgZj6RkKYzJpu04sweQek4uWHO8ndPnYlZ0tnFS61hjnFZ5IkvIGGY44eKABov2SDgZj6RkKYzJpu04sweQek4uWHO8ndPnYlZ0tnFS61hjnFZ5IkvIGGY44eKABov2SDgZj6RkKYzJpu04sweQek4uWHO8ndPnYlZ0tnFS61hjnFZ5IkvIGGY44eKABov2SDgZj6RkKYzJpu04sweQek4uWHO8ndPnYlZ0tnFS61hjnFZ5IkvIGGY44eKABov2SDgZj6RkKYzJpu04sweQek4uWHO8ndPnYlZ0tnFS61hjnFZ5IkvIGGY44eKABov2SDgZj6RkKYzJpu04sweQek4uWHO8ndPnYlZ0tnFS61hjnFZ5IkvIGGY44eKABov2SDgZj6RkKYzJpu04sweQek4uWHO8ndPnYlZ0tnFS61hjnFZ5IkvIGGY44eKABov2SDgZj6RkKYzJpu04sweQek4uWHO8ndPnYlZ0tnFS61hjnFZ5IkvIGGY44eKABov
    form: {}
    headers:
      Accept:
      - application/xml
      Authorization:
      - sanitized
      Content-Length:
      - "512"
      Content-Type:
      - application/octet-stream
      User-Agent:
      - azsdk-go-azblob/v0.4.1 azsdk-go-azcore/v0.23.0 (go1.18.1; Windows_NT)
      X-Ms-Date:
      - Wed, 25 May 2022 06:45:23 GMT
      X-Ms-Page-Write:
      - update
      X-Ms-Range:
      - bytes=0-511
      X-Ms-Version:
      - "2020-10-02"
    url: https://azureblobstoragecanada.blob.core.windows.net/gocblobgetpagerangesifnonematchfalse/gotestblobblobgetpagerangesifnonematchfalse?comp=page
    method: PUT
  response:
    body: ""
    headers:
      Content-Length:
      - "0"
      Date:
      - Wed, 25 May 2022 06:45:23 GMT
      Etag:
      - '"0x8DA3E1A2522A338"'
      Last-Modified:
      - Wed, 25 May 2022 06:45:23 GMT
      Server:
      - Windows-Azure-Blob/1.0 Microsoft-HTTPAPI/2.0
      X-Ms-Blob-Sequence-Number:
      - "0"
      X-Ms-Content-Crc64:
      - qaHtT3LwL1s=
      X-Ms-Request-Id:
      - 189b0fae-c01e-0027-5e03-7098bc000000
      X-Ms-Request-Server-Encrypted:
      - "true"
      X-Ms-Version:
      - "2020-10-02"
    status: 201 Created
    code: 201
    duration: ""
- request:
    body: ""
    form: {}
    headers:
      Accept:
      - application/xml
      Authorization:
      - sanitized
      User-Agent:
      - azsdk-go-azblob/v0.4.1 azsdk-go-azcore/v0.23.0 (go1.18.1; Windows_NT)
      X-Ms-Date:
      - Wed, 25 May 2022 06:45:24 GMT
      X-Ms-Version:
      - "2020-10-02"
    url: https://azureblobstoragecanada.blob.core.windows.net/gocblobgetpagerangesifnonematchfalse/gotestblobblobgetpagerangesifnonematchfalse
    method: HEAD
  response:
    body: ""
    headers:
      Accept-Ranges:
      - bytes
      Content-Length:
      - "5120"
      Content-Type:
      - application/octet-stream
      Date:
      - Wed, 25 May 2022 06:45:23 GMT
      Etag:
      - '"0x8DA3E1A2522A338"'
      Last-Modified:
      - Wed, 25 May 2022 06:45:23 GMT
      Server:
      - Windows-Azure-Blob/1.0 Microsoft-HTTPAPI/2.0
      X-Ms-Blob-Sequence-Number:
      - "0"
      X-Ms-Blob-Type:
      - PageBlob
      X-Ms-Creation-Time:
      - Wed, 25 May 2022 06:45:23 GMT
      X-Ms-Is-Current-Version:
      - "true"
      X-Ms-Lease-State:
      - available
      X-Ms-Lease-Status:
      - unlocked
      X-Ms-Request-Id:
      - 189b1051-c01e-0027-7803-7098bc000000
      X-Ms-Server-Encrypted:
      - "true"
      X-Ms-Version:
      - "2020-10-02"
      X-Ms-Version-Id:
      - "2022-05-25T06:45:23.6906768Z"
    status: 200 OK
    code: 200
    duration: ""
- request:
    body: ""
    form: {}
    headers:
      Accept:
      - application/xml
      Authorization:
      - sanitized
      If-None-Match:
      - '"0x8DA3E1A2522A338"'
      User-Agent:
      - azsdk-go-azblob/v0.4.1 azsdk-go-azcore/v0.23.0 (go1.18.1; Windows_NT)
      X-Ms-Date:
      - Wed, 25 May 2022 06:45:24 GMT
      X-Ms-Version:
      - "2020-10-02"
    url: https://azureblobstoragecanada.blob.core.windows.net/gocblobgetpagerangesifnonematchfalse/gotestblobblobgetpagerangesifnonematchfalse?comp=pagelist
    method: GET
  response:
    body: ""
    headers:
      Date:
      - Wed, 25 May 2022 06:45:23 GMT
      Server:
      - Windows-Azure-Blob/1.0 Microsoft-HTTPAPI/2.0
      X-Ms-Error-Code:
      - ConditionNotMet
      X-Ms-Request-Id:
      - 189b10e1-c01e-0027-7c03-7098bc000000
      X-Ms-Version:
      - "2020-10-02"
    status: 304 The condition specified using HTTP conditional header(s) is not met.
    code: 304
    duration: ""
- request:
    body: ""
    form: {}
    headers:
      Accept:
      - application/xml
      Authorization:
      - sanitized
      User-Agent:
      - azsdk-go-azblob/v0.4.1 azsdk-go-azcore/v0.23.0 (go1.18.1; Windows_NT)
      X-Ms-Date:
      - Wed, 25 May 2022 06:45:24 GMT
      X-Ms-Version:
      - "2020-10-02"
    url: https://azureblobstoragecanada.blob.core.windows.net/gocblobgetpagerangesifnonematchfalse?restype=container
    method: DELETE
  response:
    body: ""
    headers:
      Content-Length:
      - "0"
      Date:
      - Wed, 25 May 2022 06:45:24 GMT
      Server:
      - Windows-Azure-Blob/1.0 Microsoft-HTTPAPI/2.0
      X-Ms-Request-Id:
      - 189b1186-c01e-0027-0f03-7098bc000000
      X-Ms-Version:
      - "2020-10-02"
    status: 202 Accepted
    code: 202
    duration: ""
