---
version: 1
interactions:
- request:
    body: ""
    form: {}
    headers:
      Accept:
      - application/xml
      Authorization:
      - sanitized
      User-Agent:
      - azsdk-go-azblob/v0.3.0 azsdk-go-azcore/v0.21.1 (go1.16.14; Windows_NT)
      X-Ms-Date:
      - Mon, 14 Mar 2022 18:08:10 GMT
      X-Ms-Version:
      - "2019-12-12"
    url: https://azureblobstoragecanada.blob.core.windows.net/gocblobcreatepageifunmodifiedsincetrue?restype=container
    method: PUT
  response:
    body: ""
    headers:
      Content-Length:
      - "0"
      Date:
      - Mon, 14 Mar 2022 18:08:10 GMT
      Etag:
      - '"0x8DA05E599804526"'
      Last-Modified:
      - Mon, 14 Mar 2022 18:08:10 GMT
      Server:
      - Windows-Azure-Blob/1.0 Microsoft-HTTPAPI/2.0
      X-Ms-Request-Id:
      - ee460a41-d01e-0066-4dce-37c058000000
      X-Ms-Version:
      - "2019-12-12"
    status: 201 Created
    code: 201
    duration: ""
- request:
    body: ""
    form: {}
    headers:
      Accept:
      - application/xml
      Authorization:
      - sanitized
      Content-Length:
      - "0"
      User-Agent:
      - azsdk-go-azblob/v0.3.0 azsdk-go-azcore/v0.21.1 (go1.16.14; Windows_NT)
      X-Ms-Blob-Content-Length:
      - "512"
      X-Ms-Blob-Type:
      - PageBlob
      X-Ms-Date:
      - Mon, 14 Mar 2022 18:08:10 GMT
      X-Ms-Version:
      - "2019-12-12"
    url: https://azureblobstoragecanada.blob.core.windows.net/gocblobcreatepageifunmodifiedsincetrue/gotestblobblobcreatepageifunmodifiedsincetrue
    method: PUT
  response:
    body: ""
    headers:
      Content-Length:
      - "0"
      Date:
      - Mon, 14 Mar 2022 18:08:10 GMT
      Etag:
      - '"0x8DA05E599A5E544"'
      Last-Modified:
      - Mon, 14 Mar 2022 18:08:10 GMT
      Server:
      - Windows-Azure-Blob/1.0 Microsoft-HTTPAPI/2.0
      X-Ms-Request-Id:
      - ee460b8d-d01e-0066-01ce-37c058000000
      X-Ms-Request-Server-Encrypted:
      - "true"
      X-Ms-Version:
      - "2019-12-12"
      X-Ms-Version-Id:
      - "2022-03-14T18:08:10.9782340Z"
    status: 201 Created
    code: 201
    duration: ""
- request:
    body: ""
    form: {}
    headers:
      Accept:
      - application/xml
      Authorization:
      - sanitized
      Content-Length:
      - "0"
      If-Unmodified-Since:
      - Mon, 14 Mar 2022 18:08:20 GMT
      User-Agent:
      - azsdk-go-azblob/v0.3.0 azsdk-go-azcore/v0.21.1 (go1.16.14; Windows_NT)
      X-Ms-Blob-Cache-Control:
      - control
      X-Ms-Blob-Content-Disposition:
      - my_disposition
      X-Ms-Blob-Content-Encoding:
      - my_encoding
      X-Ms-Blob-Content-Language:
      - my_language
      X-Ms-Blob-Content-Length:
      - "512"
      X-Ms-Blob-Content-Type:
      - my_type
      X-Ms-Blob-Sequence-Number:
      - "0"
      X-Ms-Blob-Type:
      - PageBlob
      X-Ms-Date:
      - Mon, 14 Mar 2022 18:08:10 GMT
      X-Ms-Meta-Foo:
      - bar
      X-Ms-Version:
      - "2019-12-12"
    url: https://azureblobstoragecanada.blob.core.windows.net/gocblobcreatepageifunmodifiedsincetrue/gotestblobblobcreatepageifunmodifiedsincetrue
    method: PUT
  response:
    body: ""
    headers:
      Content-Length:
      - "0"
      Date:
      - Mon, 14 Mar 2022 18:08:10 GMT
      Etag:
      - '"0x8DA05E599CB1B18"'
      Last-Modified:
      - Mon, 14 Mar 2022 18:08:11 GMT
      Server:
      - Windows-Azure-Blob/1.0 Microsoft-HTTPAPI/2.0
      X-Ms-Request-Id:
      - ee460cd9-d01e-0066-23ce-37c058000000
      X-Ms-Request-Server-Encrypted:
      - "true"
      X-Ms-Version:
      - "2019-12-12"
      X-Ms-Version-Id:
      - "2022-03-14T18:08:11.2240943Z"
    status: 201 Created
    code: 201
    duration: ""
- request:
    body: ""
    form: {}
    headers:
      Accept:
      - application/xml
      Authorization:
      - sanitized
      User-Agent:
      - azsdk-go-azblob/v0.3.0 azsdk-go-azcore/v0.21.1 (go1.16.14; Windows_NT)
      X-Ms-Date:
      - Mon, 14 Mar 2022 18:08:11 GMT
      X-Ms-Version:
      - "2019-12-12"
    url: https://azureblobstoragecanada.blob.core.windows.net/gocblobcreatepageifunmodifiedsincetrue/gotestblobblobcreatepageifunmodifiedsincetrue
    method: HEAD
  response:
    body: ""
    headers:
      Accept-Ranges:
      - bytes
      Cache-Control:
      - control
      Content-Disposition:
      - my_disposition
      Content-Encoding:
      - my_encoding
      Content-Language:
      - my_language
      Content-Length:
      - "512"
      Content-Type:
      - my_type
      Date:
      - Mon, 14 Mar 2022 18:08:10 GMT
      Etag:
      - '"0x8DA05E599CB1B18"'
      Last-Modified:
      - Mon, 14 Mar 2022 18:08:11 GMT
      Server:
      - Windows-Azure-Blob/1.0 Microsoft-HTTPAPI/2.0
      X-Ms-Blob-Sequence-Number:
      - "0"
      X-Ms-Blob-Type:
      - PageBlob
      X-Ms-Creation-Time:
      - Mon, 14 Mar 2022 18:08:11 GMT
      X-Ms-Is-Current-Version:
      - "true"
      X-Ms-Lease-State:
      - available
      X-Ms-Lease-Status:
      - unlocked
      X-Ms-Meta-Foo:
      - bar
      X-Ms-Request-Id:
      - ee460e5a-d01e-0066-04ce-37c058000000
      X-Ms-Server-Encrypted:
      - "true"
      X-Ms-Version:
      - "2019-12-12"
      X-Ms-Version-Id:
      - "2022-03-14T18:08:11.2240943Z"
    status: 200 OK
    code: 200
    duration: ""
- request:
    body: ""
    form: {}
    headers:
      Accept:
      - application/xml
      Authorization:
      - sanitized
      User-Agent:
      - azsdk-go-azblob/v0.3.0 azsdk-go-azcore/v0.21.1 (go1.16.14; Windows_NT)
      X-Ms-Date:
      - Mon, 14 Mar 2022 18:08:11 GMT
      X-Ms-Version:
      - "2019-12-12"
    url: https://azureblobstoragecanada.blob.core.windows.net/gocblobcreatepageifunmodifiedsincetrue?restype=container
    method: DELETE
  response:
    body: ""
    headers:
      Content-Length:
      - "0"
      Date:
      - Mon, 14 Mar 2022 18:08:11 GMT
      Server:
      - Windows-Azure-Blob/1.0 Microsoft-HTTPAPI/2.0
      X-Ms-Request-Id:
      - ee460fae-d01e-0066-3dce-37c058000000
      X-Ms-Version:
      - "2019-12-12"
    status: 202 Accepted
    code: 202
    duration: ""
