---
version: 1
interactions:
- request:
    body: ""
    form: {}
    headers:
      Accept:
      - application/xml
      Authorization:
      - sanitized
      User-Agent:
      - azsdk-go-azblob/v0.3.0 azsdk-go-azcore/v0.21.1 (go1.16.14; Windows_NT)
      X-Ms-Date:
      - Mon, 14 Mar 2022 18:11:51 GMT
      X-Ms-Version:
      - "2019-12-12"
    url: https://azureblobstoragecanada.blob.core.windows.net/gocblobstartcopydestifunmodifiedsincetrue?restype=container
    method: PUT
  response:
    body: ""
    headers:
      Content-Length:
      - "0"
      Date:
      - Mon, 14 Mar 2022 18:11:50 GMT
      Etag:
      - '"0x8DA05E61D1A8165"'
      Last-Modified:
      - Mon, 14 Mar 2022 18:11:51 GMT
      Server:
      - Windows-Azure-Blob/1.0 Microsoft-HTTPAPI/2.0
      X-Ms-Request-Id:
      - ee49ebf6-d01e-0066-46ce-37c058000000
      X-Ms-Version:
      - "2019-12-12"
    status: 201 Created
    code: 201
    duration: ""
- request:
    body: GoBlockBlobData
    form: {}
    headers:
      Accept:
      - application/xml
      Authorization:
      - sanitized
      Content-Length:
      - "15"
      Content-Type:
      - application/octet-stream
      User-Agent:
      - azsdk-go-azblob/v0.3.0 azsdk-go-azcore/v0.21.1 (go1.16.14; Windows_NT)
      X-Ms-Blob-Type:
      - BlockBlob
      X-Ms-Date:
      - Mon, 14 Mar 2022 18:11:51 GMT
      X-Ms-Version:
      - "2019-12-12"
    url: https://azureblobstoragecanada.blob.core.windows.net/gocblobstartcopydestifunmodifiedsincetrue/gotestblobblobstartcopydestifunmodifiedsincetrue
    method: PUT
  response:
    body: ""
    headers:
      Content-Length:
      - "0"
      Content-Md5:
      - ebncwguMQu9sgPmr0GazhA==
      Date:
      - Mon, 14 Mar 2022 18:11:51 GMT
      Etag:
      - '"0x8DA05E61D40CD51"'
      Last-Modified:
      - Mon, 14 Mar 2022 18:11:51 GMT
      Server:
      - Windows-Azure-Blob/1.0 Microsoft-HTTPAPI/2.0
      X-Ms-Content-Crc64:
      - +JGsS7CR5kg=
      X-Ms-Request-Id:
      - ee49ed03-d01e-0066-35ce-37c058000000
      X-Ms-Request-Server-Encrypted:
      - "true"
      X-Ms-Version:
      - "2019-12-12"
      X-Ms-Version-Id:
      - "2022-03-14T18:11:51.7749585Z"
    status: 201 Created
    code: 201
    duration: ""
- request:
    body: GoBlockBlobData
    form: {}
    headers:
      Accept:
      - application/xml
      Authorization:
      - sanitized
      Content-Length:
      - "15"
      Content-Type:
      - application/octet-stream
      User-Agent:
      - azsdk-go-azblob/v0.3.0 azsdk-go-azcore/v0.21.1 (go1.16.14; Windows_NT)
      X-Ms-Blob-Type:
      - BlockBlob
      X-Ms-Date:
      - Mon, 14 Mar 2022 18:11:51 GMT
      X-Ms-Version:
      - "2019-12-12"
    url: https://azureblobstoragecanada.blob.core.windows.net/gocblobstartcopydestifunmodifiedsincetrue/dstgotestblobblobstartcopydestifunmodifiedsincetrue
    method: PUT
  response:
    body: ""
    headers:
      Content-Length:
      - "0"
      Content-Md5:
      - ebncwguMQu9sgPmr0GazhA==
      Date:
      - Mon, 14 Mar 2022 18:11:51 GMT
      Etag:
      - '"0x8DA05E61D65B500"'
      Last-Modified:
      - Mon, 14 Mar 2022 18:11:52 GMT
      Server:
      - Windows-Azure-Blob/1.0 Microsoft-HTTPAPI/2.0
      X-Ms-Content-Crc64:
      - +JGsS7CR5kg=
      X-Ms-Request-Id:
      - ee49ede4-d01e-0066-7bce-37c058000000
      X-Ms-Request-Server-Encrypted:
      - "true"
      X-Ms-Version:
      - "2019-12-12"
      X-Ms-Version-Id:
      - "2022-03-14T18:11:52.0168192Z"
    status: 201 Created
    code: 201
    duration: ""
- request:
    body: ""
    form: {}
    headers:
      Accept:
      - application/xml
      Authorization:
      - sanitized
      If-Unmodified-Since:
      - Mon, 14 Mar 2022 18:12:01 GMT
      User-Agent:
      - azsdk-go-azblob/v0.3.0 azsdk-go-azcore/v0.21.1 (go1.16.14; Windows_NT)
      X-Ms-Copy-Source:
      - https://azureblobstoragecanada.blob.core.windows.net/gocblobstartcopydestifunmodifiedsincetrue/gotestblobblobstartcopydestifunmodifiedsincetrue
      X-Ms-Date:
      - Mon, 14 Mar 2022 18:11:51 GMT
      X-Ms-Version:
      - "2019-12-12"
    url: https://azureblobstoragecanada.blob.core.windows.net/gocblobstartcopydestifunmodifiedsincetrue/dstgotestblobblobstartcopydestifunmodifiedsincetrue
    method: PUT
  response:
    body: ""
    headers:
      Content-Length:
      - "0"
      Date:
      - Mon, 14 Mar 2022 18:11:51 GMT
      Etag:
      - '"0x8DA05E61D8DF796"'
      Last-Modified:
      - Mon, 14 Mar 2022 18:11:52 GMT
      Server:
      - Windows-Azure-Blob/1.0 Microsoft-HTTPAPI/2.0
      X-Ms-Copy-Id:
      - ec9cbbf7-94b4-49ff-b324-274149c65591
      X-Ms-Copy-Status:
      - success
      X-Ms-Request-Id:
      - ee49eed1-d01e-0066-4ace-37c058000000
      X-Ms-Version:
      - "2019-12-12"
      X-Ms-Version-Id:
      - "2022-03-14T18:11:52.2826661Z"
    status: 202 Accepted
    code: 202
    duration: ""
- request:
    body: ""
    form: {}
    headers:
      Accept:
      - application/xml
      Authorization:
      - sanitized
      User-Agent:
      - azsdk-go-azblob/v0.3.0 azsdk-go-azcore/v0.21.1 (go1.16.14; Windows_NT)
      X-Ms-Date:
      - Mon, 14 Mar 2022 18:11:52 GMT
      X-Ms-Version:
      - "2019-12-12"
    url: https://azureblobstoragecanada.blob.core.windows.net/gocblobstartcopydestifunmodifiedsincetrue/dstgotestblobblobstartcopydestifunmodifiedsincetrue
    method: HEAD
  response:
    body: ""
    headers:
      Accept-Ranges:
      - bytes
      Content-Length:
      - "15"
      Content-Md5:
      - ebncwguMQu9sgPmr0GazhA==
      Content-Type:
      - application/octet-stream
      Date:
      - Mon, 14 Mar 2022 18:11:51 GMT
      Etag:
      - '"0x8DA05E61D8DF796"'
      Last-Modified:
      - Mon, 14 Mar 2022 18:11:52 GMT
      Server:
      - Windows-Azure-Blob/1.0 Microsoft-HTTPAPI/2.0
      X-Ms-Access-Tier:
      - Hot
      X-Ms-Access-Tier-Inferred:
      - "true"
      X-Ms-Blob-Type:
      - BlockBlob
      X-Ms-Copy-Completion-Time:
      - Mon, 14 Mar 2022 18:11:52 GMT
      X-Ms-Copy-Id:
      - ec9cbbf7-94b4-49ff-b324-274149c65591
      X-Ms-Copy-Progress:
      - 15/15
      X-Ms-Copy-Source:
      - https://azureblobstoragecanada.blob.core.windows.net/gocblobstartcopydestifunmodifiedsincetrue/gotestblobblobstartcopydestifunmodifiedsincetrue
      X-Ms-Copy-Status:
      - success
      X-Ms-Creation-Time:
      - Mon, 14 Mar 2022 18:11:52 GMT
      X-Ms-Is-Current-Version:
      - "true"
      X-Ms-Lease-State:
      - available
      X-Ms-Lease-Status:
      - unlocked
      X-Ms-Request-Id:
      - ee49ef99-d01e-0066-67ce-37c058000000
      X-Ms-Server-Encrypted:
      - "true"
      X-Ms-Version:
      - "2019-12-12"
      X-Ms-Version-Id:
      - "2022-03-14T18:11:52.2826661Z"
    status: 200 OK
    code: 200
    duration: ""
- request:
    body: ""
    form: {}
    headers:
      Accept:
      - application/xml
      Authorization:
      - sanitized
      User-Agent:
      - azsdk-go-azblob/v0.3.0 azsdk-go-azcore/v0.21.1 (go1.16.14; Windows_NT)
      X-Ms-Date:
      - Mon, 14 Mar 2022 18:11:52 GMT
      X-Ms-Version:
      - "2019-12-12"
    url: https://azureblobstoragecanada.blob.core.windows.net/gocblobstartcopydestifunmodifiedsincetrue?restype=container
    method: DELETE
  response:
    body: ""
    headers:
      Content-Length:
      - "0"
      Date:
      - Mon, 14 Mar 2022 18:11:52 GMT
      Server:
      - Windows-Azure-Blob/1.0 Microsoft-HTTPAPI/2.0
      X-Ms-Request-Id:
      - ee49f05d-d01e-0066-0fce-37c058000000
      X-Ms-Version:
      - "2019-12-12"
    status: 202 Accepted
    code: 202
    duration: ""
